Archive member included to satisfy reference by file (symbol)

C:/ST/STM32CubeIDE_2.0.0/STM32CubeIDE/plugins/com.st.stm32cube.ide.mcu.externaltools.gnu-tools-for-stm32.13.3.rel1.win32_1.0.100.202509120712/tools/bin/../lib/gcc/arm-none-eabi/13.3.1/../../../../arm-none-eabi/lib/thumb/v7e-m+fp/hard\libc_nano.a(libc_a-exit.o)
                              C:/ST/STM32CubeIDE_2.0.0/STM32CubeIDE/plugins/com.st.stm32cube.ide.mcu.externaltools.gnu-tools-for-stm32.13.3.rel1.win32_1.0.100.202509120712/tools/bin/../lib/gcc/arm-none-eabi/13.3.1/../../../../arm-none-eabi/lib/thumb/v7e-m+fp/hard/crt0.o (exit)
C:/ST/STM32CubeIDE_2.0.0/STM32CubeIDE/plugins/com.st.stm32cube.ide.mcu.externaltools.gnu-tools-for-stm32.13.3.rel1.win32_1.0.100.202509120712/tools/bin/../lib/gcc/arm-none-eabi/13.3.1/../../../../arm-none-eabi/lib/thumb/v7e-m+fp/hard\libc_nano.a(libc_a-findfp.o)
                              C:/ST/STM32CubeIDE_2.0.0/STM32CubeIDE/plugins/com.st.stm32cube.ide.mcu.externaltools.gnu-tools-for-stm32.13.3.rel1.win32_1.0.100.202509120712/tools/bin/../lib/gcc/arm-none-eabi/13.3.1/../../../../arm-none-eabi/lib/thumb/v7e-m+fp/hard\libc_nano.a(libc_a-exit.o) (__stdio_exit_handler)
C:/ST/STM32CubeIDE_2.0.0/STM32CubeIDE/plugins/com.st.stm32cube.ide.mcu.externaltools.gnu-tools-for-stm32.13.3.rel1.win32_1.0.100.202509120712/tools/bin/../lib/gcc/arm-none-eabi/13.3.1/../../../../arm-none-eabi/lib/thumb/v7e-m+fp/hard\libc_nano.a(libc_a-fwalk.o)
                              C:/ST/STM32CubeIDE_2.0.0/STM32CubeIDE/plugins/com.st.stm32cube.ide.mcu.externaltools.gnu-tools-for-stm32.13.3.rel1.win32_1.0.100.202509120712/tools/bin/../lib/gcc/arm-none-eabi/13.3.1/../../../../arm-none-eabi/lib/thumb/v7e-m+fp/hard\libc_nano.a(libc_a-findfp.o) (_fwalk_sglue)
C:/ST/STM32CubeIDE_2.0.0/STM32CubeIDE/plugins/com.st.stm32cube.ide.mcu.externaltools.gnu-tools-for-stm32.13.3.rel1.win32_1.0.100.202509120712/tools/bin/../lib/gcc/arm-none-eabi/13.3.1/../../../../arm-none-eabi/lib/thumb/v7e-m+fp/hard\libc_nano.a(libc_a-stdio.o)
                              C:/ST/STM32CubeIDE_2.0.0/STM32CubeIDE/plugins/com.st.stm32cube.ide.mcu.externaltools.gnu-tools-for-stm32.13.3.rel1.win32_1.0.100.202509120712/tools/bin/../lib/gcc/arm-none-eabi/13.3.1/../../../../arm-none-eabi/lib/thumb/v7e-m+fp/hard\libc_nano.a(libc_a-findfp.o) (__sread)
C:/ST/STM32CubeIDE_2.0.0/STM32CubeIDE/plugins/com.st.stm32cube.ide.mcu.externaltools.gnu-tools-for-stm32.13.3.rel1.win32_1.0.100.202509120712/tools/bin/../lib/gcc/arm-none-eabi/13.3.1/../../../../arm-none-eabi/lib/thumb/v7e-m+fp/hard\libc_nano.a(libc_a-memset.o)
                              C:/ST/STM32CubeIDE_2.0.0/STM32CubeIDE/plugins/com.st.stm32cube.ide.mcu.externaltools.gnu-tools-for-stm32.13.3.rel1.win32_1.0.100.202509120712/tools/bin/../lib/gcc/arm-none-eabi/13.3.1/../../../../arm-none-eabi/lib/thumb/v7e-m+fp/hard/crt0.o (memset)
C:/ST/STM32CubeIDE_2.0.0/STM32CubeIDE/plugins/com.st.stm32cube.ide.mcu.externaltools.gnu-tools-for-stm32.13.3.rel1.win32_1.0.100.202509120712/tools/bin/../lib/gcc/arm-none-eabi/13.3.1/../../../../arm-none-eabi/lib/thumb/v7e-m+fp/hard\libc_nano.a(libc_a-closer.o)
                              C:/ST/STM32CubeIDE_2.0.0/STM32CubeIDE/plugins/com.st.stm32cube.ide.mcu.externaltools.gnu-tools-for-stm32.13.3.rel1.win32_1.0.100.202509120712/tools/bin/../lib/gcc/arm-none-eabi/13.3.1/../../../../arm-none-eabi/lib/thumb/v7e-m+fp/hard\libc_nano.a(libc_a-stdio.o) (_close_r)
C:/ST/STM32CubeIDE_2.0.0/STM32CubeIDE/plugins/com.st.stm32cube.ide.mcu.externaltools.gnu-tools-for-stm32.13.3.rel1.win32_1.0.100.202509120712/tools/bin/../lib/gcc/arm-none-eabi/13.3.1/../../../../arm-none-eabi/lib/thumb/v7e-m+fp/hard\libc_nano.a(libc_a-reent.o)
                              C:/ST/STM32CubeIDE_2.0.0/STM32CubeIDE/plugins/com.st.stm32cube.ide.mcu.externaltools.gnu-tools-for-stm32.13.3.rel1.win32_1.0.100.202509120712/tools/bin/../lib/gcc/arm-none-eabi/13.3.1/../../../../arm-none-eabi/lib/thumb/v7e-m+fp/hard\libc_nano.a(libc_a-closer.o) (errno)
C:/ST/STM32CubeIDE_2.0.0/STM32CubeIDE/plugins/com.st.stm32cube.ide.mcu.externaltools.gnu-tools-for-stm32.13.3.rel1.win32_1.0.100.202509120712/tools/bin/../lib/gcc/arm-none-eabi/13.3.1/../../../../arm-none-eabi/lib/thumb/v7e-m+fp/hard\libc_nano.a(libc_a-impure.o)
                              C:/ST/STM32CubeIDE_2.0.0/STM32CubeIDE/plugins/com.st.stm32cube.ide.mcu.externaltools.gnu-tools-for-stm32.13.3.rel1.win32_1.0.100.202509120712/tools/bin/../lib/gcc/arm-none-eabi/13.3.1/../../../../arm-none-eabi/lib/thumb/v7e-m+fp/hard\libc_nano.a(libc_a-reent.o) (_impure_ptr)
C:/ST/STM32CubeIDE_2.0.0/STM32CubeIDE/plugins/com.st.stm32cube.ide.mcu.externaltools.gnu-tools-for-stm32.13.3.rel1.win32_1.0.100.202509120712/tools/bin/../lib/gcc/arm-none-eabi/13.3.1/../../../../arm-none-eabi/lib/thumb/v7e-m+fp/hard\libc_nano.a(libc_a-lseekr.o)
[...]
Memory Configuration

Name             Origin             Length             Attributes
CCMRAM           0x10000000         0x00010000         xrw
RAM              0x20000000         0x00020000         xrw
FLASH            0x08000000         0x00080000         xr
*default*        0x00000000         0xffffffff

Linker script and memory map

LOAD C:/ST/STM32CubeIDE_2.0.0/STM32CubeIDE/plugins/com.st.stm32cube.ide.mcu.externaltools.gnu-tools-for-stm32.13.3.rel1.win32_1.0.100.202509120712/tools/bin/../lib/gcc/arm-none-eabi/13.3.1/thumb/v7e-m+fp/hard/crti.o
LOAD C:/ST/STM32CubeIDE_2.0.0/STM32CubeIDE/plugins/com.st.stm32cube.ide.mcu.externaltools.gnu-tools-for-stm32.13.3.rel1.win32_1.0.100.202509120712/tools/bin/../lib/gcc/arm-none-eabi/13.3.1/thumb/v7e-m+fp/hard/crtbegin.o
LOAD C:/ST/STM32CubeIDE_2.0.0/STM32CubeIDE/plugins/com.st.stm32cube.ide.mcu.externaltools.gnu-tools-for-stm32.13.3.rel1.win32_1.0.100.202509120712/tools/bin/../lib/gcc/arm-none-eabi/13.3.1/../../../../arm-none-eabi/lib/thumb/v7e-m+fp/hard/crt0.o
LOAD ./Core/Src/freertos.o
LOAD ./Core/Src/gpio.o
LOAD ./Core/Src/main.o
LOAD ./Core/Src/stm32f4xx_hal_msp.o
LOAD ./Core/Src/stm32f4xx_hal_timebase_tim.o
LOAD ./Core/Src/stm32f4xx_it.o
LOAD ./Core/Src/syscalls.o
LOAD ./Core/Src/sysmem.o
LOAD ./Core/Src/system_stm32f4xx.o
LOAD ./Core/Startup/startup_stm32f407vetx.o
LOAD ./Drivers/STM32F4xx_HAL_Driver/Src/stm32f4xx_hal.o
LOAD ./Drivers/STM32F4xx_HAL_Driver/Src/stm32f4xx_hal_cortex.o
LOAD ./Drivers/STM32F4xx_HAL_Driver/Src/stm32f4xx_hal_dma.o
LOAD ./Drivers/STM32F4xx_HAL_Driver/Src/stm32f4xx_hal_dma_ex.o
LOAD ./Drivers/STM32F4xx_HAL_Driver/Src/stm32f4xx_hal_exti.o
LOAD ./Drivers/STM32F4xx_HAL_Driver/Src/stm32f4xx_hal_flash.o
LOAD ./Drivers/STM32F4xx_HAL_Driver/Src/stm32f4xx_hal_flash_ex.o
LOAD ./Drivers/STM32F4xx_HAL_Driver/Src/stm32f4xx_hal_flash_ramfunc.o
LOAD ./Drivers/STM32F4xx_HAL_Driver/Src/stm32f4xx_hal_gpio.o
LOAD ./Drivers/STM32F4xx_HAL_Driver/Src/stm32f4xx_hal_pwr.o
LOAD ./Drivers/STM32F4xx_HAL_Driver/Src/stm32f4xx_hal_pwr_ex.o
LOAD ./Drivers/STM32F4xx_HAL_Driver/Src/stm32f4xx_hal_rcc.o
LOAD ./Drivers/STM32F4xx_HAL_Driver/Src/stm32f4xx_hal_rcc_ex.o
LOAD ./Drivers/STM32F4xx_HAL_Driver/Src/stm32f4xx_hal_tim.o
LOAD ./Drivers/STM32F4xx_HAL_Driver/Src/stm32f4xx_hal_tim_ex.o
LOAD ./Middlewares/Third_Party/FreeRTOS/Source/CMSIS_RTOS_V2/cmsis_os2.o
LOAD ./Middlewares/Third_Party/FreeRTOS/Source/croutine.o
LOAD ./Middlewares/Third_Party/FreeRTOS/Source/event_groups.o
LOAD ./Middlewares/Third_Party/FreeRTOS/Source/list.o
LOAD ./Middlewares/Third_Party/FreeRTOS/Source/queue.o
LOAD ./Middlewares/Third_Party/FreeRTOS/Source/stream_buffer.o
LOAD ./Middlewares/Third_Party/FreeRTOS/Source/tasks.o
LOAD ./Middlewares/Third_Party/FreeRTOS/Source/timers.o
LOAD ./Middlewares/Third_Party/FreeRTOS/Source/portable/GCC/ARM_CM4F/port.o
LOAD ./Middlewares/Third_Party/FreeRTOS/Source/portable/MemMang/heap_4.o
START GROUP
LOAD C:/ST/STM32CubeIDE_2.0.0/STM32CubeIDE/plugins/com.st.stm32cube.ide.mcu.externaltools.gnu-tools-for-stm32.13.3.rel1.win32_1.0.100.202509120712/tools/bin/../lib/gcc/arm-none-eabi/13.3.1/../../../../arm-none-eabi/lib/thumb/v7e-m+fp/hard\libc_nano.a
LOAD C:/ST/STM32CubeIDE_2.0.0/STM32CubeIDE/plugins/com.st.stm32cube.ide.mcu.externaltools.gnu-tools-for-stm32.13.3.rel1.win32_1.0.100.202509120712/tools/bin/../lib/gcc/arm-none-eabi/13.3.1/../../../../arm-none-eabi/lib/thumb/v7e-m+fp/hard\libm.a
END GROUP
START GROUP
LOAD C:/ST/STM32CubeIDE_2.0.0/STM32CubeIDE/plugins/com.st.stm32cube.ide.mcu.externaltools.gnu-tools-for-stm32.13.3.rel1.win32_1.0.100.202509120712/tools/bin/../lib/gcc/arm-none-eabi/13.3.1/thumb/v7e-m+fp/hard\libgcc.a
LOAD C:/ST/STM32CubeIDE_2.0.0/STM32CubeIDE/plugins/com.st.stm32cube.ide.mcu.externaltools.gnu-tools-for-stm32.13.3.rel1.win32_1.0.100.202509120712/tools/bin/../lib/gcc/arm-none-eabi/13.3.1/../../../../arm-none-eabi/lib/thumb/v7e-m+fp/hard\libc_nano.a
END GROUP
START GROUP
LOAD C:/ST/STM32CubeIDE_2.0.0/STM32CubeIDE/plugins/com.st.stm32cube.ide.mcu.externaltools.gnu-tools-for-stm32.13.3.rel1.win32_1.0.100.202509120712/tools/bin/../lib/gcc/arm-none-eabi/13.3.1/thumb/v7e-m+fp/hard\libgcc.a
LOAD C:/ST/STM32CubeIDE_2.0.0/STM32CubeIDE/plugins/com.st.stm32cube.ide.mcu.externaltools.gnu-tools-for-stm32.13.3.rel1.win32_1.0.100.202509120712/tools/bin/../lib/gcc/arm-none-eabi/13.3.1/../../../../arm-none-eabi/lib/thumb/v7e-m+fp/hard\libc_nano.a
LOAD C:/ST/STM32CubeIDE_2.0.0/STM32CubeIDE/plugins/com.st.stm32cube.ide.mcu.externaltools.gnu-tools-for-stm32.13.3.rel1.win32_1.0.100.202509120712/tools/bin/../lib/gcc/arm-none-eabi/13.3.1/../../../../arm-none-eabi/lib/thumb/v7e-m+fp/hard\libnosys.a
END GROUP
START GROUP
LOAD C:/ST/STM32CubeIDE_2.0.0/STM32CubeIDE/plugins/com.st.stm32cube.ide.mcu.externaltools.gnu-tools-for-stm32.13.3.rel1.win32_1.0.100.202509120712/tools/bin/../lib/gcc/arm-none-eabi/13.3.1/thumb/v7e-m+fp/hard\libgcc.a
LOAD C:/ST/STM32CubeIDE_2.0.0/STM32CubeIDE/plugins/com.st.stm32cube.ide.mcu.externaltools.gnu-tools-for-stm32.13.3.rel1.win32_1.0.100.202509120712/tools/bin/../lib/gcc/arm-none-eabi/13.3.1/../../../../arm-none-eabi/lib/thumb/v7e-m+fp/hard\libc_nano.a
LOAD C:/ST/STM32CubeIDE_2.0.0/STM32CubeIDE/plugins/com.st.stm32cube.ide.mcu.externaltools.gnu-tools-for-stm32.13.3.rel1.win32_1.0.100.202509120712/tools/bin/../lib/gcc/arm-none-eabi/13.3.1/../../../../arm-none-eabi/lib/thumb/v7e-m+fp/hard\libnosys.a
END GROUP
LOAD C:/ST/STM32CubeIDE_2.0.0/STM32CubeIDE/plugins/com.st.stm32cube.ide.mcu.externaltools.gnu-tools-for-stm32.13.3.rel1.win32_1.0.100.202509120712/tools/bin/../lib/gcc/arm-none-eabi/13.3.1/thumb/v7e-m+fp/hard/crtend.o
LOAD C:/ST/STM32CubeIDE_2.0.0/STM32CubeIDE/plugins/com.st.stm32cube.ide.mcu.externaltools.gnu-tools-for-stm32.13.3.rel1.win32_1.0.100.202509120712/tools/bin/../lib/gcc/arm-none-eabi/13.3.1/thumb/v7e-m+fp/hard/crtn.o
                0x20020000                        _estack = (ORIGIN (RAM) + LENGTH (RAM))
                0x00000200                        _Min_Heap_Size = 0x200
                0x00000400                        _Min_Stack_Size = 0x400

.isr_vector     0x08000000      0x188
                0x08000000                        . = ALIGN (0x4)
 *(.isr_vector)
 .isr_vector    0x08000000      0x188 ./Core/Startup/startup_stm32f407vetx.o
                0x08000000                g_pfnVectors
                0x08000188                        . = ALIGN (0x4)

.text           0x08000190     0x4994
                0x08000190                        . = ALIGN (0x4)
 *(.text)
 .text          0x08000190       0x40 C:/ST/STM32CubeIDE_2.0.0/STM32CubeIDE/plugins/com.st.stm32cube.ide.mcu.externaltools.gnu-tools-for-stm32.13.3.rel1.win32_1.0.100.202509120712/tools/bin/../lib/gcc/arm-none-eabi/13.3.1/thumb/v7e-m+fp/hard/crtbegin.o
 .text          0x080001d0       0x30 C:/ST/STM32CubeIDE_2.0.0/STM32CubeIDE/plugins/com.st.stm32cube.ide.mcu.externaltools.gnu-tools-for-stm32.13.3.rel1.win32_1.0.100.202509120712/tools/bin/../lib/gcc/arm-none-eabi/13.3.1/thumb/v7e-m+fp/hard\libgcc.a(_aeabi_uldivmod.o)
                0x080001d0                __aeabi_uldivmod
 .text          0x08000200      0x2f8 C:/ST/STM32CubeIDE_2.0.0/STM32CubeIDE/plugins/com.st.stm32cube.ide.mcu.externaltools.gnu-tools-for-stm32.13.3.rel1.win32_1.0.100.202509120712/tools/bin/../lib/gcc/arm-none-eabi/13.3.1/thumb/v7e-m+fp/hard\libgcc.a(_udivmoddi4.o)
                0x08000200                __udivmoddi4
 .text          0x080004f8        0x4 C:/ST/STM32CubeIDE_2.0.0/STM32CubeIDE/plugins/com.st.stm32cube.ide.mcu.externaltools.gnu-tools-for-stm32.13.3.rel1.win32_1.0.100.202509120712/tools/bin/../lib/gcc/arm-none-eabi/13.3.1/thumb/v7e-m+fp/hard\libgcc.a(_dvmd_tls.o)
                0x080004f8                __aeabi_idiv0
                0x080004f8                __aeabi_ldiv0
 *(.text*)
 .text.MX_FREERTOS_Init
                0x080004fc       0x24 ./Core/Src/freertos.o
                0x080004fc                MX_FREERTOS_Init
 .text.StartDefaultTask
                0x08000520       0xe0 ./Core/Src/freertos.o
                0x08000520                StartDefaultTask
 .text.MX_GPIO_Init
                0x08000600      0x124 ./Core/Src/gpio.o
                0x08000600                MX_GPIO_Init
 .text.main     0x08000724       0x20 ./Core/Src/main.o
                0x08000724                main
 .text.SystemClock_Config
                0x08000744       0xd4 ./Core/Src/main.o
                0x08000744                SystemClock_Config
 .text.HAL_TIM_PeriodElapsedCallback
                0x08000818       0x24 ./Core/Src/main.o
                0x08000818                HAL_TIM_PeriodElapsedCallback
 .text.Error_Handler
                0x0800083c        0xc ./Core/Src/main.o
                0x0800083c                Error_Handler
 .text.HAL_MspInit
                0x08000848       0x58 ./Core/Src/stm32f4xx_hal_msp.o
                0x08000848                HAL_MspInit
 .text.HAL_InitTick
                0x080008a0       0xf8 ./Core/Src/stm32f4xx_hal_timebase_tim.o
                0x080008a0                HAL_InitTick
 .text.NMI_Handler
                0x08000998        0x8 ./Core/Src/stm32f4xx_it.o
                0x08000998                NMI_Handler
 .text.HardFault_Handler
                0x080009a0        0x8 ./Core/Src/stm32f4xx_it.o
                0x080009a0                HardFault_Handler
 .text.MemManage_Handler
                0x080009a8        0x8 ./Core/Src/stm32f4xx_it.o
                0x080009a8                MemManage_Handler
 .text.BusFault_Handler
                0x080009b0        0x8 ./Core/Src/stm32f4xx_it.o
                0x080009b0                BusFault_Handler
 .text.UsageFault_Handler
                0x080009b8        0x8 ./Core/Src/stm32f4xx_it.o
                0x080009b8                UsageFault_Handler
 .text.DebugMon_Handler
                0x080009c0        0xe ./Core/Src/stm32f4xx_it.o
                0x080009c0                DebugMon_Handler
 *fill*         0x080009ce        0x2 
 .text.TIM6_DAC_IRQHandler
                0x080009d0       0x14 ./Core/Src/stm32f4xx_it.o
                0x080009d0                TIM6_DAC_IRQHandler
 .text.SystemInit
                0x080009e4       0x24 ./Core/Src/system_stm32f4xx.o
                0x080009e4                SystemInit
 .text.Reset_Handler
                0x08000a08       0x50 ./Core/Startup/startup_stm32f407vetx.o
                0x08000a08                Reset_Handler
 .text.Default_Handler
                0x08000a58        0x2 ./Core/Startup/startup_stm32f407vetx.o
                0x08000a58                RTC_Alarm_IRQHandler
                0x08000a58                HASH_RNG_IRQHandler
                0x08000a58                EXTI2_IRQHandler
                0x08000a58                TIM8_CC_IRQHandler
                0x08000a58                TIM1_CC_IRQHandler
                0x08000a58                DMA2_Stream5_IRQHandler
                0x08000a58                DMA1_Stream5_IRQHandler
                0x08000a58                PVD_IRQHandler
                0x08000a58                SDIO_IRQHandler
                0x08000a58                TAMP_STAMP_IRQHandler
                0x08000a58                CAN2_RX1_IRQHandler
                0x08000a58                EXTI3_IRQHandler
                0x08000a58                TIM8_TRG_COM_TIM14_IRQHandler
                0x08000a58                TIM1_UP_TIM10_IRQHandler
                0x08000a58                TIM8_UP_TIM13_IRQHandler
                0x08000a58                I2C3_ER_IRQHandler
                0x08000a58                EXTI0_IRQHandler
                0x08000a58                I2C2_EV_IRQHandler
                0x08000a58                DMA1_Stream2_IRQHandler
                0x08000a58                CAN1_RX0_IRQHandler
                0x08000a58                FPU_IRQHandler
                0x08000a58                OTG_HS_WKUP_IRQHandler
                0x08000a58                CAN2_SCE_IRQHandler
                0x08000a58                DMA2_Stream2_IRQHandler
                0x08000a58                SPI1_IRQHandler
                0x08000a58                TIM1_BRK_TIM9_IRQHandler
                0x08000a58                DCMI_IRQHandler
                0x08000a58                CAN2_RX0_IRQHandler
                0x08000a58                DMA2_Stream3_IRQHandler
                0x08000a58                USART6_IRQHandler
                0x08000a58                USART3_IRQHandler
                0x08000a58                CAN1_RX1_IRQHandler
                0x08000a58                UART5_IRQHandler
                0x08000a58                DMA2_Stream0_IRQHandler
                0x08000a58                TIM4_IRQHandler
                0x08000a58                I2C1_EV_IRQHandler
                0x08000a58                DMA1_Stream6_IRQHandler
                0x08000a58                DMA1_Stream1_IRQHandler
                0x08000a58                UART4_IRQHandler
                0x08000a58                TIM3_IRQHandler
                0x08000a58                RCC_IRQHandler
                0x08000a58                TIM8_BRK_TIM12_IRQHandler
                0x08000a58                Default_Handler
                0x08000a58                EXTI15_10_IRQHandler
                0x08000a58                ADC_IRQHandler
                0x08000a58                DMA1_Stream7_IRQHandler
                0x08000a58                TIM7_IRQHandler
                0x08000a58                CAN2_TX_IRQHandler
                0x08000a58                TIM5_IRQHandler
                0x08000a58                DMA2_Stream7_IRQHandler
                0x08000a58                I2C3_EV_IRQHandler
                0x08000a58                EXTI9_5_IRQHandler
                0x08000a58                RTC_WKUP_IRQHandler
                0x08000a58                ETH_WKUP_IRQHandler
                0x08000a58                SPI2_IRQHandler
                0x08000a58                OTG_HS_EP1_IN_IRQHandler
                0x08000a58                DMA1_Stream0_IRQHandler
                0x08000a58                CAN1_TX_IRQHandler
                0x08000a58                EXTI4_IRQHandler
                0x08000a58                FSMC_IRQHandler
                0x08000a58                ETH_IRQHandler
                0x08000a58                OTG_HS_EP1_OUT_IRQHandler
                0x08000a58                WWDG_IRQHandler
                0x08000a58                TIM2_IRQHandler
                0x08000a58                OTG_FS_WKUP_IRQHandler
                0x08000a58                TIM1_TRG_COM_TIM11_IRQHandler
                0x08000a58                OTG_HS_IRQHandler
                0x08000a58                EXTI1_IRQHandler
                0x08000a58                USART2_IRQHandler
                0x08000a58                I2C2_ER_IRQHandler
                0x08000a58                DMA2_Stream1_IRQHandler
                0x08000a58                CAN1_SCE_IRQHandler
                0x08000a58                FLASH_IRQHandler
                0x08000a58                DMA2_Stream4_IRQHandler
                0x08000a58                USART1_IRQHandler
                0x08000a58                OTG_FS_IRQHandler
                0x08000a58                SPI3_IRQHandler
                0x08000a58                DMA1_Stream4_IRQHandler
                0x08000a58                I2C1_ER_IRQHandler
                0x08000a58                DMA2_Stream6_IRQHandler
                0x08000a58                DMA1_Stream3_IRQHandler
 *fill*         0x08000a5a        0x2 
 .text.HAL_Init
                0x08000a5c       0x44 ./Drivers/STM32F4xx_HAL_Driver/Src/stm32f4xx_hal.o
                0x08000a5c                HAL_Init
 .text.HAL_IncTick
                0x08000aa0       0x28 ./Drivers/STM32F4xx_HAL_Driver/Src/stm32f4xx_hal.o
                0x08000aa0                HAL_IncTick
 .text.HAL_GetTick
                0x08000ac8       0x18 ./Drivers/STM32F4xx_HAL_Driver/Src/stm32f4xx_hal.o
                0x08000ac8                HAL_GetTick
 .text.__NVIC_SetPriorityGrouping
                0x08000ae0       0x48 ./Drivers/STM32F4xx_HAL_Driver/Src/stm32f4xx_hal_cortex.o
 .text.__NVIC_GetPriorityGrouping
                0x08000b28       0x1c ./Drivers/STM32F4xx_HAL_Driver/Src/stm32f4xx_hal_cortex.o
 .text.__NVIC_EnableIRQ
                0x08000b44       0x3c ./Drivers/STM32F4xx_HAL_Driver/Src/stm32f4xx_hal_cortex.o
 .text.__NVIC_SetPriority
                0x08000b80       0x54 ./Drivers/STM32F4xx_HAL_Driver/Src/stm32f4xx_hal_cortex.o
 .text.NVIC_EncodePriority
                0x08000bd4       0x66 ./Drivers/STM32F4xx_HAL_Driver/Src/stm32f4xx_hal_cortex.o
 .text.HAL_NVIC_SetPriorityGrouping
                0x08000c3a       0x16 ./Drivers/STM32F4xx_HAL_Driver/Src/stm32f4xx_hal_cortex.o
                0x08000c3a                HAL_NVIC_SetPriorityGrouping
 .text.HAL_NVIC_SetPriority
                0x08000c50       0x38 ./Drivers/STM32F4xx_HAL_Driver/Src/stm32f4xx_hal_cortex.o
                0x08000c50                HAL_NVIC_SetPriority
 .text.HAL_NVIC_EnableIRQ
                0x08000c88       0x1c ./Drivers/STM32F4xx_HAL_Driver/Src/stm32f4xx_hal_cortex.o
                0x08000c88                HAL_NVIC_EnableIRQ
 .text.HAL_GPIO_Init
                0x08000ca4      0x338 ./Drivers/STM32F4xx_HAL_Driver/Src/stm32f4xx_hal_gpio.o
                0x08000ca4                HAL_GPIO_Init
 .text.HAL_GPIO_ReadPin
                0x08000fdc       0x30 ./Drivers/STM32F4xx_HAL_Driver/Src/stm32f4xx_hal_gpio.o
                0x08000fdc                HAL_GPIO_ReadPin
 .text.HAL_GPIO_WritePin
                0x0800100c       0x32 ./Drivers/STM32F4xx_HAL_Driver/Src/stm32f4xx_hal_gpio.o
                0x0800100c                HAL_GPIO_WritePin
 .text.HAL_GPIO_TogglePin
                0x0800103e       0x34 ./Drivers/STM32F4xx_HAL_Driver/Src/stm32f4xx_hal_gpio.o
                0x0800103e                HAL_GPIO_TogglePin
 *fill*         0x08001072        0x2 
 .text.HAL_RCC_OscConfig
                0x08001074      0x4f0 ./Drivers/STM32F4xx_HAL_Driver/Src/stm32f4xx_hal_rcc.o
                0x08001074                HAL_RCC_OscConfig
 .text.HAL_RCC_ClockConfig
                0x08001564      0x1cc ./Drivers/STM32F4xx_HAL_Driver/Src/stm32f4xx_hal_rcc.o
                0x08001564                HAL_RCC_ClockConfig
 .text.HAL_RCC_GetSysClockFreq
                0x08001730      0x208 ./Drivers/STM32F4xx_HAL_Driver/Src/stm32f4xx_hal_rcc.o
                0x08001730                HAL_RCC_GetSysClockFreq
 .text.HAL_RCC_GetHCLKFreq
                0x08001938       0x18 ./Drivers/STM32F4xx_HAL_Driver/Src/stm32f4xx_hal_rcc.o
                0x08001938                HAL_RCC_GetHCLKFreq
 .text.HAL_RCC_GetPCLK1Freq
                0x08001950       0x28 ./Drivers/STM32F4xx_HAL_Driver/Src/stm32f4xx_hal_rcc.o
                0x08001950                HAL_RCC_GetPCLK1Freq
 .text.HAL_RCC_GetClockConfig
                0x08001978       0x64 ./Drivers/STM32F4xx_HAL_Driver/Src/stm32f4xx_hal_rcc.o
                0x08001978                HAL_RCC_GetClockConfig
 .text.HAL_TIM_Base_Init
                0x080019dc       0x9e ./Drivers/STM32F4xx_HAL_Driver/Src/stm32f4xx_hal_tim.o
                0x080019dc                HAL_TIM_Base_Init
 .text.HAL_TIM_Base_MspInit
                0x08001a7a       0x14 ./Drivers/STM32F4xx_HAL_Driver/Src/stm32f4xx_hal_tim.o
                0x08001a7a                HAL_TIM_Base_MspInit
 *fill*         0x08001a8e        0x2 
 .text.HAL_TIM_Base_Start_IT
                0x08001a90       0xe0 ./Drivers/STM32F4xx_HAL_Driver/Src/stm32f4xx_hal_tim.o
                0x08001a90                HAL_TIM_Base_Start_IT
 .text.HAL_TIM_IRQHandler
                0x08001b70      0x1e0 ./Drivers/STM32F4xx_HAL_Driver/Src/stm32f4xx_hal_tim.o
                0x08001b70                HAL_TIM_IRQHandler
 .text.HAL_TIM_OC_DelayElapsedCallback
                0x08001d50       0x14 ./Drivers/STM32F4xx_HAL_Driver/Src/stm32f4xx_hal_tim.o
                0x08001d50                HAL_TIM_OC_DelayElapsedCallback
 .text.HAL_TIM_IC_CaptureCallback
                0x08001d64       0x14 ./Drivers/STM32F4xx_HAL_Driver/Src/stm32f4xx_hal_tim.o
                0x08001d64                HAL_TIM_IC_CaptureCallback
 .text.HAL_TIM_PWM_PulseFinishedCallback
                0x08001d78       0x14 ./Drivers/STM32F4xx_HAL_Driver/Src/stm32f4xx_hal_tim.o
                0x08001d78                HAL_TIM_PWM_PulseFinishedCallback
 .text.HAL_TIM_TriggerCallback
                0x08001d8c       0x14 ./Drivers/STM32F4xx_HAL_Driver/Src/stm32f4xx_hal_tim.o
                0x08001d8c                HAL_TIM_TriggerCallback
 .text.TIM_Base_SetConfig
                0x08001da0      0x14c ./Drivers/STM32F4xx_HAL_Driver/Src/stm32f4xx_hal_tim.o
                0x08001da0                TIM_Base_SetConfig
 .text.HAL_TIMEx_CommutCallback
                0x08001eec       0x14 ./Drivers/STM32F4xx_HAL_Driver/Src/stm32f4xx_hal_tim_ex.o
                0x08001eec                HAL_TIMEx_CommutCallback
 .text.HAL_TIMEx_BreakCallback
                0x08001f00       0x14 ./Drivers/STM32F4xx_HAL_Driver/Src/stm32f4xx_hal_tim_ex.o
                0x08001f00                HAL_TIMEx_BreakCallback
 .text.__NVIC_SetPriority
                0x08001f14       0x54 ./Middlewares/Third_Party/FreeRTOS/Source/CMSIS_RTOS_V2/cmsis_os2.o
 .text.SysTick_Handler
                0x08001f68       0x20 ./Middlewares/Third_Party/FreeRTOS/Source/CMSIS_RTOS_V2/cmsis_os2.o
                0x08001f68                SysTick_Handler
 .text.SVC_Setup
                0x08001f88       0x12 ./Middlewares/Third_Party/FreeRTOS/Source/CMSIS_RTOS_V2/cmsis_os2.o
 *fill*         0x08001f9a        0x2 
 .text.osKernelInitialize
                0x08001f9c       0x48 ./Middlewares/Third_Party/FreeRTOS/Source/CMSIS_RTOS_V2/cmsis_os2.o
                0x08001f9c                osKernelInitialize
 .text.osKernelStart
                0x08001fe4       0x4c ./Middlewares/Third_Party/FreeRTOS/Source/CMSIS_RTOS_V2/cmsis_os2.o
                0x08001fe4                osKernelStart
 .text.osThreadNew
                0x08002030      0x124 ./Middlewares/Third_Party/FreeRTOS/Source/CMSIS_RTOS_V2/cmsis_os2.o
                0x08002030                osThreadNew
 .text.osDelay  0x08002154       0x36 ./Middlewares/Third_Party/FreeRTOS/Source/CMSIS_RTOS_V2/cmsis_os2.o
                0x08002154                osDelay
 *fill*         0x0800218a        0x2 
 .text.vApplicationGetIdleTaskMemory
                0x0800218c       0x34 ./Middlewares/Third_Party/FreeRTOS/Source/CMSIS_RTOS_V2/cmsis_os2.o
                0x0800218c                vApplicationGetIdleTaskMemory
 .text.vApplicationGetTimerTaskMemory
                0x080021c0       0x34 ./Middlewares/Third_Party/FreeRTOS/Source/CMSIS_RTOS_V2/cmsis_os2.o
                0x080021c0                vApplicationGetTimerTaskMemory
 .text.vListInitialise
                0x080021f4       0x40 ./Middlewares/Third_Party/FreeRTOS/Source/list.o
                0x080021f4                vListInitialise
 .text.vListInitialiseItem
                0x08002234       0x1a ./Middlewares/Third_Party/FreeRTOS/Source/list.o
                0x08002234                vListInitialiseItem
 .text.vListInsertEnd
                0x0800224e       0x48 ./Middlewares/Third_Party/FreeRTOS/Source/list.o
                0x0800224e                vListInsertEnd
 .text.vListInsert
                0x08002296       0x72 ./Middlewares/Third_Party/FreeRTOS/Source/list.o
                0x08002296                vListInsert
 .text.uxListRemove
                0x08002308       0x54 ./Middlewares/Third_Party/FreeRTOS/Source/list.o
                0x08002308                uxListRemove
 .text.xQueueGenericReset
                0x0800235c       0xd4 ./Middlewares/Third_Party/FreeRTOS/Source/queue.o
                0x0800235c                xQueueGenericReset
 .text.xQueueGenericCreateStatic
                0x08002430       0xfa ./Middlewares/Third_Party/FreeRTOS/Source/queue.o
                0x08002430                xQueueGenericCreateStatic
 .text.prvInitialiseNewQueue
                0x0800252a       0x46 ./Middlewares/Third_Party/FreeRTOS/Source/queue.o
 .text.xQueueGenericSend
                0x08002570      0x204 ./Middlewares/Third_Party/FreeRTOS/Source/queue.o
                0x08002570                xQueueGenericSend
 .text.xQueueGenericSendFromISR
                0x08002774      0x13c ./Middlewares/Third_Party/FreeRTOS/Source/queue.o
                0x08002774                xQueueGenericSendFromISR
 .text.xQueueReceive
                0x080028b0      0x1c4 ./Middlewares/Third_Party/FreeRTOS/Source/queue.o
                0x080028b0                xQueueReceive
 .text.prvCopyDataToQueue
                0x08002a74       0xd4 ./Middlewares/Third_Party/FreeRTOS/Source/queue.o
 .text.prvCopyDataFromQueue
                0x08002b48       0x4c ./Middlewares/Third_Party/FreeRTOS/Source/queue.o
 .text.prvUnlockQueue
                0x08002b94       0xa4 ./Middlewares/Third_Party/FreeRTOS/Source/queue.o
 .text.prvIsQueueEmpty
                0x08002c38       0x2c ./Middlewares/Third_Party/FreeRTOS/Source/queue.o
 .text.prvIsQueueFull
                0x08002c64       0x30 ./Middlewares/Third_Party/FreeRTOS/Source/queue.o
 .text.vQueueAddToRegistry
                0x08002c94       0x54 ./Middlewares/Third_Party/FreeRTOS/Source/queue.o
                0x08002c94                vQueueAddToRegistry
 .text.vQueueWaitForMessageRestricted
                0x08002ce8       0x68 ./Middlewares/Third_Party/FreeRTOS/Source/queue.o
                0x08002ce8                vQueueWaitForMessageRestricted
 .text.xTaskCreateStatic
                0x08002d50       0xc0 ./Middlewares/Third_Party/FreeRTOS/Source/tasks.o
                0x08002d50                xTaskCreateStatic
 .text.xTaskCreate
                0x08002e10       0x8a ./Middlewares/Third_Party/FreeRTOS/Source/tasks.o
                0x08002e10                xTaskCreate
 .text.prvInitialiseNewTask
                0x08002e9a      0x120 ./Middlewares/Third_Party/FreeRTOS/Source/tasks.o
 *fill*         0x08002fba        0x2 
 .text.prvAddNewTaskToReadyList
                0x08002fbc       0xe0 ./Middlewares/Third_Party/FreeRTOS/Source/tasks.o
 .text.vTaskDelay
                0x0800309c       0x6c ./Middlewares/Third_Party/FreeRTOS/Source/tasks.o
                0x0800309c                vTaskDelay
 .text.vTaskStartScheduler
                0x08003108       0xd0 ./Middlewares/Third_Party/FreeRTOS/Source/tasks.o
                0x08003108                vTaskStartScheduler
 .text.vTaskSuspendAll
                0x080031d8       0x1c ./Middlewares/Third_Party/FreeRTOS/Source/tasks.o
                0x080031d8                vTaskSuspendAll
 .text.xTaskResumeAll
                0x080031f4      0x13c ./Middlewares/Third_Party/FreeRTOS/Source/tasks.o
                0x080031f4                xTaskResumeAll
 .text.xTaskGetTickCount
                0x08003330       0x20 ./Middlewares/Third_Party/FreeRTOS/Source/tasks.o
                0x08003330                xTaskGetTickCount
 .text.xTaskIncrementTick
                0x08003350      0x174 ./Middlewares/Third_Party/FreeRTOS/Source/tasks.o
                0x08003350                xTaskIncrementTick
 .text.vTaskSwitchContext
                0x080034c4       0xbc ./Middlewares/Third_Party/FreeRTOS/Source/tasks.o
                0x080034c4                vTaskSwitchContext
 .text.vTaskPlaceOnEventList
                0x08003580       0x4c ./Middlewares/Third_Party/FreeRTOS/Source/tasks.o
                0x08003580                vTaskPlaceOnEventList
 .text.vTaskPlaceOnEventListRestricted
                0x080035cc       0x58 ./Middlewares/Third_Party/FreeRTOS/Source/tasks.o
                0x080035cc                vTaskPlaceOnEventListRestricted
 .text.xTaskRemoveFromEventList
                0x08003624       0xc8 ./Middlewares/Third_Party/FreeRTOS/Source/tasks.o
                0x08003624                xTaskRemoveFromEventList
 .text.vTaskInternalSetTimeOutState
                0x080036ec       0x2c ./Middlewares/Third_Party/FreeRTOS/Source/tasks.o
                0x080036ec                vTaskInternalSetTimeOutState
 .text.xTaskCheckForTimeOut
                0x08003718       0xc8 ./Middlewares/Third_Party/FreeRTOS/Source/tasks.o
                0x08003718                xTaskCheckForTimeOut
 .text.vTaskMissedYield
                0x080037e0       0x18 ./Middlewares/Third_Party/FreeRTOS/Source/tasks.o
                0x080037e0                vTaskMissedYield
 .text.prvIdleTask
                0x080037f8       0x30 ./Middlewares/Third_Party/FreeRTOS/Source/tasks.o
 .text.prvInitialiseTaskLists
                0x08003828       0x80 ./Middlewares/Third_Party/FreeRTOS/Source/tasks.o
 .text.prvCheckTasksWaitingTermination
                0x080038a8       0x5c ./Middlewares/Third_Party/FreeRTOS/Source/tasks.o
 .text.prvDeleteTCB
                0x08003904       0x60 ./Middlewares/Third_Party/FreeRTOS/Source/tasks.o
 .text.prvResetNextTaskUnblockTime
                0x08003964       0x40 ./Middlewares/Third_Party/FreeRTOS/Source/tasks.o
 .text.xTaskGetSchedulerState
                0x080039a4       0x3c ./Middlewares/Third_Party/FreeRTOS/Source/tasks.o
                0x080039a4                xTaskGetSchedulerState
 .text.xTaskPriorityDisinherit
                0x080039e0       0xe0 ./Middlewares/Third_Party/FreeRTOS/Source/tasks.o
                0x080039e0                xTaskPriorityDisinherit
 .text.prvAddCurrentTaskToDelayedList
                0x08003ac0       0xa8 ./Middlewares/Third_Party/FreeRTOS/Source/tasks.o
 .text.xTimerCreateTimerTask
                0x08003b68       0x94 ./Middlewares/Third_Party/FreeRTOS/Source/timers.o
                0x08003b68                xTimerCreateTimerTask
 .text.xTimerGenericCommand
                0x08003bfc       0x9c ./Middlewares/Third_Party/FreeRTOS/Source/timers.o
                0x08003bfc                xTimerGenericCommand
 .text.prvProcessExpiredTimer
                0x08003c98       0x9c ./Middlewares/Third_Party/FreeRTOS/Source/timers.o
 .text.prvTimerTask
                0x08003d34       0x26 ./Middlewares/Third_Party/FreeRTOS/Source/timers.o
 *fill*         0x08003d5a        0x2 
 .text.prvProcessTimerOrBlockTask
                0x08003d5c       0x9c ./Middlewares/Third_Party/FreeRTOS/Source/timers.o
 .text.prvGetNextExpireTime
                0x08003df8       0x48 ./Middlewares/Third_Party/FreeRTOS/Source/timers.o
 .text.prvSampleTimeNow
                0x08003e40       0x40 ./Middlewares/Third_Party/FreeRTOS/Source/timers.o
 .text.prvInsertTimerInActiveList
                0x08003e80       0x84 ./Middlewares/Third_Party/FreeRTOS/Source/timers.o
 .text.prvProcessReceivedCommands
                0x08003f04      0x1cc ./Middlewares/Third_Party/FreeRTOS/Source/timers.o
 .text.prvSwitchTimerLists
                0x080040d0       0xcc ./Middlewares/Third_Party/FreeRTOS/Source/timers.o
 .text.prvCheckForValidListAndQueue
                0x0800419c       0x80 ./Middlewares/Third_Party/FreeRTOS/Source/timers.o
 .text.pxPortInitialiseStack
                0x0800421c       0x68 ./Middlewares/Third_Party/FreeRTOS/Source/portable/GCC/ARM_CM4F/port.o
                0x0800421c                pxPortInitialiseStack
 .text.prvTaskExitError
                0x08004284       0x5c ./Middlewares/Third_Party/FreeRTOS/Source/portable/GCC/ARM_CM4F/port.o
 .text.SVC_Handler
                0x080042e0       0x28 ./Middlewares/Third_Party/FreeRTOS/Source/portable/GCC/ARM_CM4F/port.o
                0x080042e0                SVC_Handler
 .text.prvPortStartFirstTask
                0x08004308       0x28 ./Middlewares/Third_Party/FreeRTOS/Source/portable/GCC/ARM_CM4F/port.o
 .text.xPortStartScheduler
                0x08004330      0x148 ./Middlewares/Third_Party/FreeRTOS/Source/portable/GCC/ARM_CM4F/port.o
                0x08004330                xPortStartScheduler
 .text.vPortEnterCritical
                0x08004478       0x64 ./Middlewares/Third_Party/FreeRTOS/Source/portable/GCC/ARM_CM4F/port.o
                0x08004478                vPortEnterCritical
 .text.vPortExitCritical
                0x080044dc       0x54 ./Middlewares/Third_Party/FreeRTOS/Source/portable/GCC/ARM_CM4F/port.o
                0x080044dc                vPortExitCritical
 .text.PendSV_Handler
                0x08004530       0x68 ./Middlewares/Third_Party/FreeRTOS/Source/portable/GCC/ARM_CM4F/port.o
                0x08004530                PendSV_Handler
 .text.xPortSysTickHandler
                0x08004598       0x44 ./Middlewares/Third_Party/FreeRTOS/Source/portable/GCC/ARM_CM4F/port.o
                0x08004598                xPortSysTickHandler
 .text.vPortSetupTimerInterrupt
                0x080045dc       0x48 ./Middlewares/Third_Party/FreeRTOS/Source/portable/GCC/ARM_CM4F/port.o
                0x080045dc                vPortSetupTimerInterrupt
 .text.vPortEnableVFP
                0x08004624       0x14 ./Middlewares/Third_Party/FreeRTOS/Source/portable/GCC/ARM_CM4F/port.o
 .text.vPortValidateInterruptPriority
                0x08004638       0x84 ./Middlewares/Third_Party/FreeRTOS/Source/portable/GCC/ARM_CM4F/port.o
                0x08004638                vPortValidateInterruptPriority
 .text.pvPortMalloc
                0x080046bc      0x19c ./Middlewares/Third_Party/FreeRTOS/Source/portable/MemMang/heap_4.o
                0x080046bc                pvPortMalloc
 .text.vPortFree
                0x08004858       0xc8 ./Middlewares/Third_Party/FreeRTOS/Source/portable/MemMang/heap_4.o
                0x08004858                vPortFree
 .text.prvHeapInit
                0x08004920       0xc4 ./Middlewares/Third_Party/FreeRTOS/Source/portable/MemMang/heap_4.o
 .text.prvInsertBlockIntoFreeList
                0x080049e4       0xb4 ./Middlewares/Third_Party/FreeRTOS/Source/portable/MemMang/heap_4.o
 .text.memset   0x08004a98       0x10 C:/ST/STM32CubeIDE_2.0.0/STM32CubeIDE/plugins/com.st.stm32cube.ide.mcu.externaltools.gnu-tools-for-stm32.13.3.rel1.win32_1.0.100.202509120712/tools/bin/../lib/gcc/arm-none-eabi/13.3.1/../../../../arm-none-eabi/lib/thumb/v7e-m+fp/hard\libc_nano.a(libc_a-memset.o)
                0x08004a98                memset
 .text.__libc_init_array
                0x08004aa8       0x48 C:/ST/STM32CubeIDE_2.0.0/STM32CubeIDE/plugins/com.st.stm32cube.ide.mcu.externaltools.gnu-tools-for-stm32.13.3.rel1.win32_1.0.100.202509120712/tools/bin/../lib/gcc/arm-none-eabi/13.3.1/../../../../arm-none-eabi/lib/thumb/v7e-m+fp/hard\libc_nano.a(libc_a-init.o)
                0x08004aa8                __libc_init_array
 .text.memcpy   0x08004af0       0x1c C:/ST/STM32CubeIDE_2.0.0/STM32CubeIDE/plugins/com.st.stm32cube.ide.mcu.externaltools.gnu-tools-for-stm32.13.3.rel1.win32_1.0.100.202509120712/tools/bin/../lib/gcc/arm-none-eabi/13.3.1/../../../../arm-none-eabi/lib/thumb/v7e-m+fp/hard\libc_nano.a(libc_a-memcpy-stub.o)
                0x08004af0                memcpy
 *(.glue_7)
 .glue_7        0x08004b0c        0x0 linker stubs
 *(.glue_7t)
 .glue_7t       0x08004b0c        0x0 linker stubs
 *(.eh_frame)
 .eh_frame      0x08004b0c        0x0 C:/ST/STM32CubeIDE_2.0.0/STM32CubeIDE/plugins/com.st.stm32cube.ide.mcu.externaltools.gnu-tools-for-stm32.13.3.rel1.win32_1.0.100.202509120712/tools/bin/../lib/gcc/arm-none-eabi/13.3.1/thumb/v7e-m+fp/hard/crtbegin.o
 *(.init)
 .init          0x08004b0c        0x4 C:/ST/STM32CubeIDE_2.0.0/STM32CubeIDE/plugins/com.st.stm32cube.ide.mcu.externaltools.gnu-tools-for-stm32.13.3.rel1.win32_1.0.100.202509120712/tools/bin/../lib/gcc/arm-none-eabi/13.3.1/thumb/v7e-m+fp/hard/crti.o
                0x08004b0c                _init
 .init          0x08004b10        0x8 C:/ST/STM32CubeIDE_2.0.0/STM32CubeIDE/plugins/com.st.stm32cube.ide.mcu.externaltools.gnu-tools-for-stm32.13.3.rel1.win32_1.0.100.202509120712/tools/bin/../lib/gcc/arm-none-eabi/13.3.1/thumb/v7e-m+fp/hard/crtn.o
 *(.fini)
 .fini          0x08004b18        0x4 C:/ST/STM32CubeIDE_2.0.0/STM32CubeIDE/plugins/com.st.stm32cube.ide.mcu.externaltools.gnu-tools-for-stm32.13.3.rel1.win32_1.0.100.202509120712/tools/bin/../lib/gcc/arm-none-eabi/13.3.1/thumb/v7e-m+fp/hard/crti.o
                0x08004b18                _fini
 .fini          0x08004b1c        0x8 C:/ST/STM32CubeIDE_2.0.0/STM32CubeIDE/plugins/com.st.stm32cube.ide.mcu.externaltools.gnu-tools-for-stm32.13.3.rel1.win32_1.0.100.202509120712/tools/bin/../lib/gcc/arm-none-eabi/13.3.1/thumb/v7e-m+fp/hard/crtn.o
                0x08004b24                        . = ALIGN (0x4)
                0x08004b24                        _etext = .

.vfp11_veneer   0x08004b24        0x0
 .vfp11_veneer  0x08004b24        0x0 linker stubs

.v4_bx          0x08004b24        0x0
 .v4_bx         0x08004b24        0x0 linker stubs

.iplt           0x08004b24        0x0
 .iplt          0x08004b24        0x0 C:/ST/STM32CubeIDE_2.0.0/STM32CubeIDE/plugins/com.st.stm32cube.ide.mcu.externaltools.gnu-tools-for-stm32.13.3.rel1.win32_1.0.100.202509120712/tools/bin/../lib/gcc/arm-none-eabi/13.3.1/thumb/v7e-m+fp/hard/crtbegin.o

.rodata         0x08004b24       0x60
                0x08004b24                        . = ALIGN (0x4)
 *(.rodata)
 .rodata        0x08004b24        0xc ./Core/Src/freertos.o
 .rodata        0x08004b30        0x5 ./Middlewares/Third_Party/FreeRTOS/Source/tasks.o
 *fill*         0x08004b35        0x3 
 .rodata        0x08004b38        0xd ./Middlewares/Third_Party/FreeRTOS/Source/timers.o
 *(.rodata*)
 *fill*         0x08004b45        0x3 
 .rodata.defaultTask_attributes
                0x08004b48       0x24 ./Core/Src/freertos.o
                0x08004b48                defaultTask_attributes
 .rodata.AHBPrescTable
                0x08004b6c       0x10 ./Core/Src/system_stm32f4xx.o
                0x08004b6c                AHBPrescTable
 .rodata.APBPrescTable
                0x08004b7c        0x8 ./Core/Src/system_stm32f4xx.o
                0x08004b7c                APBPrescTable
                0x08004b84                        . = ALIGN (0x4)

.ARM.extab      0x08004b84        0x0
                0x08004b84                        . = ALIGN (0x4)
 *(.ARM.extab* .gnu.linkonce.armextab.*)
                0x08004b84                        . = ALIGN (0x4)

.ARM            0x08004b84        0x8
                0x08004b84                        . = ALIGN (0x4)
                0x08004b84                        __exidx_start = .
 *(.ARM.exidx*)
 .ARM.exidx     0x08004b84        0x8 C:/ST/STM32CubeIDE_2.0.0/STM32CubeIDE/plugins/com.st.stm32cube.ide.mcu.externaltools.gnu-tools-for-stm32.13.3.rel1.win32_1.0.100.202509120712/tools/bin/../lib/gcc/arm-none-eabi/13.3.1/thumb/v7e-m+fp/hard\libgcc.a(_udivmoddi4.o)
                0x08004b8c                        __exidx_end = .
                0x08004b8c                        . = ALIGN (0x4)

.preinit_array  0x08004b8c        0x0
                0x08004b8c                        . = ALIGN (0x4)
                0x08004b8c                        PROVIDE (__preinit_array_start = .)
 *(.preinit_array*)
                0x08004b8c                        PROVIDE (__preinit_array_end = .)
                0x08004b8c                        . = ALIGN (0x4)

.init_array     0x08004b8c        0x4
                0x08004b8c                        . = ALIGN (0x4)
                0x08004b8c                        PROVIDE (__init_array_start = .)
 *(SORT_BY_NAME(.init_array.*))
 *(.init_array*)
 .init_array    0x08004b8c        0x4 C:/ST/STM32CubeIDE_2.0.0/STM32CubeIDE/plugins/com.st.stm32cube.ide.mcu.externaltools.gnu-tools-for-stm32.13.3.rel1.win32_1.0.100.202509120712/tools/bin/../lib/gcc/arm-none-eabi/13.3.1/thumb/v7e-m+fp/hard/crtbegin.o
                0x08004b90                        PROVIDE (__init_array_end = .)
                0x08004b90                        . = ALIGN (0x4)

.fini_array     0x08004b90        0x4
                0x08004b90                        . = ALIGN (0x4)
                [!provide]                        PROVIDE (__fini_array_start = .)
 *(SORT_BY_NAME(.fini_array.*))
 *(.fini_array*)
 .fini_array    0x08004b90        0x4 C:/ST/STM32CubeIDE_2.0.0/STM32CubeIDE/plugins/com.st.stm32cube.ide.mcu.externaltools.gnu-tools-for-stm32.13.3.rel1.win32_1.0.100.202509120712/tools/bin/../lib/gcc/arm-none-eabi/13.3.1/thumb/v7e-m+fp/hard/crtbegin.o
                [!provide]                        PROVIDE (__fini_array_end = .)
                0x08004b94                        . = ALIGN (0x4)
                0x08004b94                        _sidata = LOADADDR (.data)

.rel.dyn        0x08004b94        0x0
 .rel.iplt      0x08004b94        0x0 C:/ST/STM32CubeIDE_2.0.0/STM32CubeIDE/plugins/com.st.stm32cube.ide.mcu.externaltools.gnu-tools-for-stm32.13.3.rel1.win32_1.0.100.202509120712/tools/bin/../lib/gcc/arm-none-eabi/13.3.1/thumb/v7e-m+fp/hard/crtbegin.o

.data           0x20000000       0x10 load address 0x08004b94
                0x20000000                        . = ALIGN (0x4)
                0x20000000                        _sdata = .
 *(.data)
 *(.data*)
 .data.SystemCoreClock
                0x20000000        0x4 ./Core/Src/system_stm32f4xx.o
                0x20000000                SystemCoreClock
 .data.uwTickPrio
                0x20000004        0x4 ./Drivers/STM32F4xx_HAL_Driver/Src/stm32f4xx_hal.o
                0x20000004                uwTickPrio
 .data.uwTickFreq
                0x20000008        0x1 ./Drivers/STM32F4xx_HAL_Driver/Src/stm32f4xx_hal.o
                0x20000008                uwTickFreq
 *fill*         0x20000009        0x3 
 .data.uxCriticalNesting
                0x2000000c        0x4 ./Middlewares/Third_Party/FreeRTOS/Source/portable/GCC/ARM_CM4F/port.o
 *(.RamFunc)
 *(.RamFunc*)
                0x20000010                        . = ALIGN (0x4)
                0x20000010                        _edata = .
                0x08004ba4                        _siccmram = LOADADDR (.ccmram)

.igot.plt       0x20000010        0x0 load address 0x08004ba4
 .igot.plt      0x20000010        0x0 C:/ST/STM32CubeIDE_2.0.0/STM32CubeIDE/plugins/com.st.stm32cube.ide.mcu.externaltools.gnu-tools-for-stm32.13.3.rel1.win32_1.0.100.202509120712/tools/bin/../lib/gcc/arm-none-eabi/13.3.1/thumb/v7e-m+fp/hard/crtbegin.o

.ccmram         0x10000000        0x0 load address 0x08004ba4
                0x10000000                        . = ALIGN (0x4)
                0x10000000                        _sccmram = .
 *(.ccmram)
 *(.ccmram*)
                0x10000000                        . = ALIGN (0x4)
                0x10000000                        _eccmram = .
                0x10000000                        . = ALIGN (0x4)

.bss            0x20000010     0x49bc
                0x20000010                        _sbss = .
                0x20000010                        __bss_start__ = _sbss
 *(.bss)
 .bss           0x20000010       0x1c C:/ST/STM32CubeIDE_2.0.0/STM32CubeIDE/plugins/com.st.stm32cube.ide.mcu.externaltools.gnu-tools-for-stm32.13.3.rel1.win32_1.0.100.202509120712/tools/bin/../lib/gcc/arm-none-eabi/13.3.1/thumb/v7e-m+fp/hard/crtbegin.o
 *(.bss*)
 .bss.defaultTaskHandle
                0x2000002c        0x4 ./Core/Src/freertos.o
                0x2000002c                defaultTaskHandle
 .bss.htim6     0x20000030       0x48 ./Core/Src/stm32f4xx_hal_timebase_tim.o
                0x20000030                htim6
 .bss.uwTick    0x20000078        0x4 ./Drivers/STM32F4xx_HAL_Driver/Src/stm32f4xx_hal.o
                0x20000078                uwTick
 .bss.KernelState
                0x2000007c        0x4 ./Middlewares/Third_Party/FreeRTOS/Source/CMSIS_RTOS_V2/cmsis_os2.o
 .bss.Idle_TCB.3
                0x20000080       0x5c ./Middlewares/Third_Party/FreeRTOS/Source/CMSIS_RTOS_V2/cmsis_os2.o
 .bss.Idle_Stack.2
                0x200000dc      0x200 ./Middlewares/Third_Party/FreeRTOS/Source/CMSIS_RTOS_V2/cmsis_os2.o
 .bss.Timer_TCB.1
                0x200002dc       0x5c ./Middlewares/Third_Party/FreeRTOS/Source/CMSIS_RTOS_V2/cmsis_os2.o
 .bss.Timer_Stack.0
                0x20000338      0x400 ./Middlewares/Third_Party/FreeRTOS/Source/CMSIS_RTOS_V2/cmsis_os2.o
 .bss.xQueueRegistry
                0x20000738       0x40 ./Middlewares/Third_Party/FreeRTOS/Source/queue.o
                0x20000738                xQueueRegistry
 .bss.pxCurrentTCB
                0x20000778        0x4 ./Middlewares/Third_Party/FreeRTOS/Source/tasks.o
                0x20000778                pxCurrentTCB
 .bss.pxReadyTasksLists
                0x2000077c      0x460 ./Middlewares/Third_Party/FreeRTOS/Source/tasks.o
 .bss.xDelayedTaskList1
                0x20000bdc       0x14 ./Middlewares/Third_Party/FreeRTOS/Source/tasks.o
 .bss.xDelayedTaskList2
                0x20000bf0       0x14 ./Middlewares/Third_Party/FreeRTOS/Source/tasks.o
 .bss.pxDelayedTaskList
                0x20000c04        0x4 ./Middlewares/Third_Party/FreeRTOS/Source/tasks.o
 .bss.pxOverflowDelayedTaskList
                0x20000c08        0x4 ./Middlewares/Third_Party/FreeRTOS/Source/tasks.o
 .bss.xPendingReadyList
                0x20000c0c       0x14 ./Middlewares/Third_Party/FreeRTOS/Source/tasks.o
 .bss.xTasksWaitingTermination
                0x20000c20       0x14 ./Middlewares/Third_Party/FreeRTOS/Source/tasks.o
 .bss.uxDeletedTasksWaitingCleanUp
                0x20000c34        0x4 ./Middlewares/Third_Party/FreeRTOS/Source/tasks.o
 .bss.xSuspendedTaskList
                0x20000c38       0x14 ./Middlewares/Third_Party/FreeRTOS/Source/tasks.o
 .bss.uxCurrentNumberOfTasks
                0x20000c4c        0x4 ./Middlewares/Third_Party/FreeRTOS/Source/tasks.o
 .bss.xTickCount
                0x20000c50        0x4 ./Middlewares/Third_Party/FreeRTOS/Source/tasks.o
 .bss.uxTopReadyPriority
                0x20000c54        0x4 ./Middlewares/Third_Party/FreeRTOS/Source/tasks.o
 .bss.xSchedulerRunning
                0x20000c58        0x4 ./Middlewares/Third_Party/FreeRTOS/Source/tasks.o
 .bss.xPendedTicks
                0x20000c5c        0x4 ./Middlewares/Third_Party/FreeRTOS/Source/tasks.o
 .bss.xYieldPending
                0x20000c60        0x4 ./Middlewares/Third_Party/FreeRTOS/Source/tasks.o
 .bss.xNumOfOverflows
                0x20000c64        0x4 ./Middlewares/Third_Party/FreeRTOS/Source/tasks.o
 .bss.uxTaskNumber
                0x20000c68        0x4 ./Middlewares/Third_Party/FreeRTOS/Source/tasks.o
 .bss.xNextTaskUnblockTime
                0x20000c6c        0x4 ./Middlewares/Third_Party/FreeRTOS/Source/tasks.o
 .bss.xIdleTaskHandle
                0x20000c70        0x4 ./Middlewares/Third_Party/FreeRTOS/Source/tasks.o
 .bss.uxSchedulerSuspended
                0x20000c74        0x4 ./Middlewares/Third_Party/FreeRTOS/Source/tasks.o
 .bss.xActiveTimerList1
                0x20000c78       0x14 ./Middlewares/Third_Party/FreeRTOS/Source/timers.o
 .bss.xActiveTimerList2
                0x20000c8c       0x14 ./Middlewares/Third_Party/FreeRTOS/Source/timers.o
 .bss.pxCurrentTimerList
                0x20000ca0        0x4 ./Middlewares/Third_Party/FreeRTOS/Source/timers.o
 .bss.pxOverflowTimerList
                0x20000ca4        0x4 ./Middlewares/Third_Party/FreeRTOS/Source/timers.o
 .bss.xTimerQueue
                0x20000ca8        0x4 ./Middlewares/Third_Party/FreeRTOS/Source/timers.o
 .bss.xTimerTaskHandle
                0x20000cac        0x4 ./Middlewares/Third_Party/FreeRTOS/Source/timers.o
 .bss.xLastTime.2
                0x20000cb0        0x4 ./Middlewares/Third_Party/FreeRTOS/Source/timers.o
 .bss.ucStaticTimerQueueStorage.1
                0x20000cb4       0xa0 ./Middlewares/Third_Party/FreeRTOS/Source/timers.o
 .bss.xStaticTimerQueue.0
                0x20000d54       0x50 ./Middlewares/Third_Party/FreeRTOS/Source/timers.o
 .bss.ucMaxSysCallPriority
                0x20000da4        0x1 ./Middlewares/Third_Party/FreeRTOS/Source/portable/GCC/ARM_CM4F/port.o
 *fill*         0x20000da5        0x3 
 .bss.ulMaxPRIGROUPValue
                0x20000da8        0x4 ./Middlewares/Third_Party/FreeRTOS/Source/portable/GCC/ARM_CM4F/port.o
 .bss.ucHeap    0x20000dac     0x3c00 ./Middlewares/Third_Party/FreeRTOS/Source/portable/MemMang/heap_4.o
 .bss.xStart    0x200049ac        0x8 ./Middlewares/Third_Party/FreeRTOS/Source/portable/MemMang/heap_4.o
 .bss.pxEnd     0x200049b4        0x4 ./Middlewares/Third_Party/FreeRTOS/Source/portable/MemMang/heap_4.o
 .bss.xFreeBytesRemaining
                0x200049b8        0x4 ./Middlewares/Third_Party/FreeRTOS/Source/portable/MemMang/heap_4.o
 .bss.xMinimumEverFreeBytesRemaining
                0x200049bc        0x4 ./Middlewares/Third_Party/FreeRTOS/Source/portable/MemMang/heap_4.o
 .bss.xNumberOfSuccessfulAllocations
                0x200049c0        0x4 ./Middlewares/Third_Party/FreeRTOS/Source/portable/MemMang/heap_4.o
 .bss.xNumberOfSuccessfulFrees
                0x200049c4        0x4 ./Middlewares/Third_Party/FreeRTOS/Source/portable/MemMang/heap_4.o
 .bss.xBlockAllocatedBit
                0x200049c8        0x4 ./Middlewares/Third_Party/FreeRTOS/Source/portable/MemMang/heap_4.o
 *(COMMON)
                0x200049cc                        . = ALIGN (0x4)
                0x200049cc                        _ebss = .
                0x200049cc                        __bss_end__ = _ebss

._user_heap_stack
                0x200049cc      0x604
                0x200049d0                        . = ALIGN (0x8)
 *fill*         0x200049cc        0x4 
                [!provide]                        PROVIDE (end = .)
                0x200049d0                        PROVIDE (_end = .)
                0x20004bd0                        . = (. + _Min_Heap_Size)
 *fill*         0x200049d0      0x200 
                0x20004fd0                        . = (. + _Min_Stack_Size)
 *fill*         0x20004bd0      0x400 
                0x20004fd0                        . = ALIGN (0x8)

/DISCARD/
 libc.a(*)
 libm.a(*)
 libgcc.a(*)

.ARM.attributes
                0x00000000       0x30
 *(.ARM.attributes)
 .ARM.attributes
                0x00000000       0x22 C:/ST/STM32CubeIDE_2.0.0/STM32CubeIDE/plugins/com.st.stm32cube.ide.mcu.externaltools.gnu-tools-for-stm32.13.3.rel1.win32_1.0.100.202509120712/tools/bin/../lib/gcc/arm-none-eabi/13.3.1/thumb/v7e-m+fp/hard/crti.o
 .ARM.attributes
                0x00000022       0x34 C:/ST/STM32CubeIDE_2.0.0/STM32CubeIDE/plugins/com.st.stm32cube.ide.mcu.externaltools.gnu-tools-for-stm32.13.3.rel1.win32_1.0.100.202509120712/tools/bin/../lib/gcc/arm-none-eabi/13.3.1/thumb/v7e-m+fp/hard/crtbegin.o
 .ARM.attributes
                0x00000056       0x34 ./Core/Src/freertos.o
 .ARM.attributes
                0x0000008a       0x34 ./Core/Src/gpio.o
 .ARM.attributes
                0x000000be       0x34 ./Core/Src/main.o
 .ARM.attributes
                0x000000f2       0x34 ./Core/Src/stm32f4xx_hal_msp.o
 .ARM.attributes
                0x00000126       0x34 ./Core/Src/stm32f4xx_hal_timebase_tim.o
 .ARM.attributes
                0x0000015a       0x34 ./Core/Src/stm32f4xx_it.o
 .ARM.attributes
                0x0000018e       0x34 ./Core/Src/system_stm32f4xx.o
 .ARM.attributes
                0x000001c2       0x21 ./Core/Startup/startup_stm32f407vetx.o
 .ARM.attributes
                0x000001e3       0x34 ./Drivers/STM32F4xx_HAL_Driver/Src/stm32f4xx_hal.o
 .ARM.attributes
                0x00000217       0x34 ./Drivers/STM32F4xx_HAL_Driver/Src/stm32f4xx_hal_cortex.o
 .ARM.attributes
                0x0000024b       0x34 ./Drivers/STM32F4xx_HAL_Driver/Src/stm32f4xx_hal_gpio.o
 .ARM.attributes
                0x0000027f       0x34 ./Drivers/STM32F4xx_HAL_Driver/Src/stm32f4xx_hal_rcc.o
 .ARM.attributes
                0x000002b3       0x34 ./Drivers/STM32F4xx_HAL_Driver/Src/stm32f4xx_hal_tim.o
 .ARM.attributes
                0x000002e7       0x34 ./Drivers/STM32F4xx_HAL_Driver/Src/stm32f4xx_hal_tim_ex.o
 .ARM.attributes
                0x0000031b       0x34 ./Middlewares/Third_Party/FreeRTOS/Source/CMSIS_RTOS_V2/cmsis_os2.o
 .ARM.attributes
                0x0000034f       0x34 ./Middlewares/Third_Party/FreeRTOS/Source/list.o
 .ARM.attributes
                0x00000383       0x34 ./Middlewares/Third_Party/FreeRTOS/Source/queue.o
 .ARM.attributes
                0x000003b7       0x34 ./Middlewares/Third_Party/FreeRTOS/Source/tasks.o
 .ARM.attributes
                0x000003eb       0x34 ./Middlewares/Third_Party/FreeRTOS/Source/timers.o
 .ARM.attributes
                0x0000041f       0x34 ./Middlewares/Third_Party/FreeRTOS/Source/portable/GCC/ARM_CM4F/port.o
 .ARM.attributes
                0x00000453       0x34 ./Middlewares/Third_Party/FreeRTOS/Source/portable/MemMang/heap_4.o
 .ARM.attributes
                0x00000487       0x34 C:/ST/STM32CubeIDE_2.0.0/STM32CubeIDE/plugins/com.st.stm32cube.ide.mcu.externaltools.gnu-tools-for-stm32.13.3.rel1.win32_1.0.100.202509120712/tools/bin/../lib/gcc/arm-none-eabi/13.3.1/../../../../arm-none-eabi/lib/thumb/v7e-m+fp/hard\libc_nano.a(libc_a-memset.o)
 .ARM.attributes
                0x000004bb       0x34 C:/ST/STM32CubeIDE_2.0.0/STM32CubeIDE/plugins/com.st.stm32cube.ide.mcu.externaltools.gnu-tools-for-stm32.13.3.rel1.win32_1.0.100.202509120712/tools/bin/../lib/gcc/arm-none-eabi/13.3.1/../../../../arm-none-eabi/lib/thumb/v7e-m+fp/hard\libc_nano.a(libc_a-init.o)
 .ARM.attributes
                0x000004ef       0x34 C:/ST/STM32CubeIDE_2.0.0/STM32CubeIDE/plugins/com.st.stm32cube.ide.mcu.externaltools.gnu-tools-for-stm32.13.3.rel1.win32_1.0.100.202509120712/tools/bin/../lib/gcc/arm-none-eabi/13.3.1/../../../../arm-none-eabi/lib/thumb/v7e-m+fp/hard\libc_nano.a(libc_a-memcpy-stub.o)
 .ARM.attributes
                0x00000523       0x22 C:/ST/STM32CubeIDE_2.0.0/STM32CubeIDE/plugins/com.st.stm32cube.ide.mcu.externaltools.gnu-tools-for-stm32.13.3.rel1.win32_1.0.100.202509120712/tools/bin/../lib/gcc/arm-none-eabi/13.3.1/thumb/v7e-m+fp/hard\libgcc.a(_aeabi_uldivmod.o)
 .ARM.attributes
                0x00000545       0x34 C:/ST/STM32CubeIDE_2.0.0/STM32CubeIDE/plugins/com.st.stm32cube.ide.mcu.externaltools.gnu-tools-for-stm32.13.3.rel1.win32_1.0.100.202509120712/tools/bin/../lib/gcc/arm-none-eabi/13.3.1/thumb/v7e-m+fp/hard\libgcc.a(_udivmoddi4.o)
 .ARM.attributes
                0x00000579       0x22 C:/ST/STM32CubeIDE_2.0.0/STM32CubeIDE/plugins/com.st.stm32cube.ide.mcu.externaltools.gnu-tools-for-stm32.13.3.rel1.win32_1.0.100.202509120712/tools/bin/../lib/gcc/arm-none-eabi/13.3.1/thumb/v7e-m+fp/hard\libgcc.a(_dvmd_tls.o)
 .ARM.attributes
                0x0000059b       0x22 C:/ST/STM32CubeIDE_2.0.0/STM32CubeIDE/plugins/com.st.stm32cube.ide.mcu.externaltools.gnu-tools-for-stm32.13.3.rel1.win32_1.0.100.202509120712/tools/bin/../lib/gcc/arm-none-eabi/13.3.1/thumb/v7e-m+fp/hard/crtn.o
OUTPUT(sme-stm32f407-4wcl.elf elf32-littlearm)
LOAD linker stubs
LOAD C:/ST/STM32CubeIDE_2.0.0/STM32CubeIDE/plugins/com.st.stm32cube.ide.mcu.externaltools.gnu-tools-for-stm32.13.3.rel1.win32_1.0.100.202509120712/tools/bin/../lib/gcc/arm-none-eabi/13.3.1/../../../../arm-none-eabi/lib/thumb/v7e-m+fp/hard\libc.a
LOAD C:/ST/STM32CubeIDE_2.0.0/STM32CubeIDE/plugins/com.st.stm32cube.ide.mcu.externaltools.gnu-tools-for-stm32.13.3.rel1.win32_1.0.100.202509120712/tools/bin/../lib/gcc/arm-none-eabi/13.3.1/../../../../arm-none-eabi/lib/thumb/v7e-m+fp/hard\libm.a
LOAD C:/ST/STM32CubeIDE_2.0.0/STM32CubeIDE/plugins/com.st.stm32cube.ide.mcu.externaltools.gnu-tools-for-stm32.13.3.rel1.win32_1.0.100.202509120712/tools/bin/../lib/gcc/arm-none-eabi/13.3.1/thumb/v7e-m+fp/hard\libgcc.a

.debug_info     0x00000000    0x12e99
 .debug_info    0x00000000      0x54e ./Core/Src/freertos.o
 .debug_info    0x0000054e      0x409 ./Core/Src/gpio.o
 .debug_info    0x00000957      0xb26 ./Core/Src/main.o
 .debug_info    0x0000147d      0x4b7 ./Core/Src/stm32f4xx_hal_msp.o
 .debug_info    0x00001934      0xbee ./Core/Src/stm32f4xx_hal_timebase_tim.o
 .debug_info    0x00002522      0x6ab ./Core/Src/stm32f4xx_it.o
 .debug_info    0x00002bcd      0x512 ./Core/Src/system_stm32f4xx.o
 .debug_info    0x000030df       0x30 ./Core/Startup/startup_stm32f407vetx.o
 .debug_info    0x0000310f      0x944 ./Drivers/STM32F4xx_HAL_Driver/Src/stm32f4xx_hal.o
 .debug_info    0x00003a53      0xd8c ./Drivers/STM32F4xx_HAL_Driver/Src/stm32f4xx_hal_cortex.o
 .debug_info    0x000047df      0x6c3 ./Drivers/STM32F4xx_HAL_Driver/Src/stm32f4xx_hal_gpio.o
 .debug_info    0x00004ea2      0x8c3 ./Drivers/STM32F4xx_HAL_Driver/Src/stm32f4xx_hal_rcc.o
 .debug_info    0x00005765     0x299d ./Drivers/STM32F4xx_HAL_Driver/Src/stm32f4xx_hal_tim.o
 .debug_info    0x00008102     0x14db ./Drivers/STM32F4xx_HAL_Driver/Src/stm32f4xx_hal_tim_ex.o
 .debug_info    0x000095dd     0x3a6d ./Middlewares/Third_Party/FreeRTOS/Source/CMSIS_RTOS_V2/cmsis_os2.o
 .debug_info    0x0000d04a      0x2af ./Middlewares/Third_Party/FreeRTOS/Source/list.o
 .debug_info    0x0000d2f9     0x1b79 ./Middlewares/Third_Party/FreeRTOS/Source/queue.o
 .debug_info    0x0000ee72     0x21ec ./Middlewares/Third_Party/FreeRTOS/Source/tasks.o
 .debug_info    0x0001105e     0x1488 ./Middlewares/Third_Party/FreeRTOS/Source/timers.o
 .debug_info    0x000124e6      0x4de ./Middlewares/Third_Party/FreeRTOS/Source/portable/GCC/ARM_CM4F/port.o
 .debug_info    0x000129c4      0x4d5 ./Middlewares/Third_Party/FreeRTOS/Source/portable/MemMang/heap_4.o

.debug_abbrev   0x00000000     0x2f19
 .debug_abbrev  0x00000000      0x1df ./Core/Src/freertos.o
 .debug_abbrev  0x000001df      0x152 ./Core/Src/gpio.o
 .debug_abbrev  0x00000331      0x24d ./Core/Src/main.o
 .debug_abbrev  0x0000057e      0x119 ./Core/Src/stm32f4xx_hal_msp.o
 .debug_abbrev  0x00000697      0x1f4 ./Core/Src/stm32f4xx_hal_timebase_tim.o
 .debug_abbrev  0x0000088b      0x17d ./Core/Src/stm32f4xx_it.o
 .debug_abbrev  0x00000a08      0x11a ./Core/Src/system_stm32f4xx.o
 .debug_abbrev  0x00000b22       0x24 ./Core/Startup/startup_stm32f407vetx.o
 .debug_abbrev  0x00000b46      0x214 ./Drivers/STM32F4xx_HAL_Driver/Src/stm32f4xx_hal.o
 .debug_abbrev  0x00000d5a      0x31d ./Drivers/STM32F4xx_HAL_Driver/Src/stm32f4xx_hal_cortex.o
 .debug_abbrev  0x00001077      0x1d4 ./Drivers/STM32F4xx_HAL_Driver/Src/stm32f4xx_hal_gpio.o
 .debug_abbrev  0x0000124b      0x2b7 ./Drivers/STM32F4xx_HAL_Driver/Src/stm32f4xx_hal_rcc.o
 .debug_abbrev  0x00001502      0x278 ./Drivers/STM32F4xx_HAL_Driver/Src/stm32f4xx_hal_tim.o
 .debug_abbrev  0x0000177a      0x283 ./Drivers/STM32F4xx_HAL_Driver/Src/stm32f4xx_hal_tim_ex.o
 .debug_abbrev  0x000019fd      0x520 ./Middlewares/Third_Party/FreeRTOS/Source/CMSIS_RTOS_V2/cmsis_os2.o
 .debug_abbrev  0x00001f1d       0xf5 ./Middlewares/Third_Party/FreeRTOS/Source/list.o
 .debug_abbrev  0x00002012      0x3b6 ./Middlewares/Third_Party/FreeRTOS/Source/queue.o
 .debug_abbrev  0x000023c8      0x386 ./Middlewares/Third_Party/FreeRTOS/Source/tasks.o
 .debug_abbrev  0x0000274e      0x352 ./Middlewares/Third_Party/FreeRTOS/Source/timers.o
 .debug_abbrev  0x00002aa0      0x25c ./Middlewares/Third_Party/FreeRTOS/Source/portable/GCC/ARM_CM4F/port.o
 .debug_abbrev  0x00002cfc      0x21d ./Middlewares/Third_Party/FreeRTOS/Source/portable/MemMang/heap_4.o

.debug_aranges  0x00000000     0x11c0
 .debug_aranges
                0x00000000       0x28 ./Core/Src/freertos.o
 .debug_aranges
                0x00000028       0x20 ./Core/Src/gpio.o
 .debug_aranges
                0x00000048       0x38 ./Core/Src/main.o
 .debug_aranges
                0x00000080       0x20 ./Core/Src/stm32f4xx_hal_msp.o
 .debug_aranges
                0x000000a0       0x30 ./Core/Src/stm32f4xx_hal_timebase_tim.o
 .debug_aranges
                0x000000d0       0x50 ./Core/Src/stm32f4xx_it.o
 .debug_aranges
                0x00000120       0x28 ./Core/Src/system_stm32f4xx.o
 .debug_aranges
                0x00000148       0x28 ./Core/Startup/startup_stm32f407vetx.o
 .debug_aranges
                0x00000170       0xf0 ./Drivers/STM32F4xx_HAL_Driver/Src/stm32f4xx_hal.o
 .debug_aranges
                0x00000260      0x130 ./Drivers/STM32F4xx_HAL_Driver/Src/stm32f4xx_hal_cortex.o
 .debug_aranges
                0x00000390       0x58 ./Drivers/STM32F4xx_HAL_Driver/Src/stm32f4xx_hal_gpio.o
 .debug_aranges
                0x000003e8       0x88 ./Drivers/STM32F4xx_HAL_Driver/Src/stm32f4xx_hal_rcc.o
 .debug_aranges
                0x00000470      0x3d0 ./Drivers/STM32F4xx_HAL_Driver/Src/stm32f4xx_hal_tim.o
 .debug_aranges
                0x00000840      0x168 ./Drivers/STM32F4xx_HAL_Driver/Src/stm32f4xx_hal_tim_ex.o
 .debug_aranges
                0x000009a8      0x2b0 ./Middlewares/Third_Party/FreeRTOS/Source/CMSIS_RTOS_V2/cmsis_os2.o
 .debug_aranges
                0x00000c58       0x40 ./Middlewares/Third_Party/FreeRTOS/Source/list.o
 .debug_aranges
                0x00000c98      0x158 ./Middlewares/Third_Party/FreeRTOS/Source/queue.o
 .debug_aranges
                0x00000df0      0x208 ./Middlewares/Third_Party/FreeRTOS/Source/tasks.o
 .debug_aranges
                0x00000ff8       0xf0 ./Middlewares/Third_Party/FreeRTOS/Source/timers.o
 .debug_aranges
                0x000010e8       0x80 ./Middlewares/Third_Party/FreeRTOS/Source/portable/GCC/ARM_CM4F/port.o
 .debug_aranges
                0x00001168       0x58 ./Middlewares/Third_Party/FreeRTOS/Source/portable/MemMang/heap_4.o

.debug_rnglists
                0x00000000      0xda1
 .debug_rnglists
                0x00000000       0x1a ./Core/Src/freertos.o
 .debug_rnglists
                0x0000001a       0x14 ./Core/Src/gpio.o
 .debug_rnglists
                0x0000002e       0x26 ./Core/Src/main.o
 .debug_rnglists
                0x00000054       0x13 ./Core/Src/stm32f4xx_hal_msp.o
 .debug_rnglists
                0x00000067       0x20 ./Core/Src/stm32f4xx_hal_timebase_tim.o
 .debug_rnglists
                0x00000087       0x37 ./Core/Src/stm32f4xx_it.o
 .debug_rnglists
                0x000000be       0x1a ./Core/Src/system_stm32f4xx.o
 .debug_rnglists
                0x000000d8       0x19 ./Core/Startup/startup_stm32f407vetx.o
 .debug_rnglists
                0x000000f1       0xaf ./Drivers/STM32F4xx_HAL_Driver/Src/stm32f4xx_hal.o
 .debug_rnglists
                0x000001a0       0xe0 ./Drivers/STM32F4xx_HAL_Driver/Src/stm32f4xx_hal_cortex.o
 .debug_rnglists
                0x00000280       0x3f ./Drivers/STM32F4xx_HAL_Driver/Src/stm32f4xx_hal_gpio.o
 .debug_rnglists
                0x000002bf       0x66 ./Drivers/STM32F4xx_HAL_Driver/Src/stm32f4xx_hal_rcc.o
 .debug_rnglists
                0x00000325      0x31a ./Drivers/STM32F4xx_HAL_Driver/Src/stm32f4xx_hal_tim.o
 .debug_rnglists
                0x0000063f      0x125 ./Drivers/STM32F4xx_HAL_Driver/Src/stm32f4xx_hal_tim_ex.o
 .debug_rnglists
                0x00000764      0x212 ./Middlewares/Third_Party/FreeRTOS/Source/CMSIS_RTOS_V2/cmsis_os2.o
 .debug_rnglists
                0x00000976       0x2b ./Middlewares/Third_Party/FreeRTOS/Source/list.o
 .debug_rnglists
                0x000009a1      0x109 ./Middlewares/Third_Party/FreeRTOS/Source/queue.o
 .debug_rnglists
                0x00000aaa      0x1a0 ./Middlewares/Third_Party/FreeRTOS/Source/tasks.o
 .debug_rnglists
                0x00000c4a       0xb8 ./Middlewares/Third_Party/FreeRTOS/Source/timers.o
 .debug_rnglists
                0x00000d02       0x5d ./Middlewares/Third_Party/FreeRTOS/Source/portable/GCC/ARM_CM4F/port.o
 .debug_rnglists
                0x00000d5f       0x42 ./Middlewares/Third_Party/FreeRTOS/Source/portable/MemMang/heap_4.o

.debug_macro    0x00000000    0x22373
 .debug_macro   0x00000000      0x25d ./Core/Src/freertos.o
 .debug_macro   0x0000025d      0xad8 ./Core/Src/freertos.o
 .debug_macro   0x00000d35      0x190 ./Core/Src/freertos.o
 .debug_macro   0x00000ec5       0x22 ./Core/Src/freertos.o
 .debug_macro   0x00000ee7       0x8e ./Core/Src/freertos.o
 .debug_macro   0x00000f75       0x51 ./Core/Src/freertos.o
 .debug_macro   0x00000fc6      0x103 ./Core/Src/freertos.o
 .debug_macro   0x000010c9       0x6a ./Core/Src/freertos.o
 .debug_macro   0x00001133      0x1df ./Core/Src/freertos.o
 .debug_macro   0x00001312      0x169 ./Core/Src/freertos.o
 .debug_macro   0x0000147b      0x15a ./Core/Src/freertos.o
 .debug_macro   0x000015d5       0xc9 ./Core/Src/freertos.o
 .debug_macro   0x0000169e       0x1c ./Core/Src/freertos.o
 .debug_macro   0x000016ba       0x26 ./Core/Src/freertos.o
 .debug_macro   0x000016e0      0x4c5 ./Core/Src/freertos.o
 .debug_macro   0x00001ba5       0xb5 ./Core/Src/freertos.o
 .debug_macro   0x00001c5a       0xaa ./Core/Src/freertos.o
 .debug_macro   0x00001d04      0x295 ./Core/Src/freertos.o
 .debug_macro   0x00001f99       0x2e ./Core/Src/freertos.o
 .debug_macro   0x00001fc7       0x2f ./Core/Src/freertos.o
 .debug_macro   0x00001ff6       0x1c ./Core/Src/freertos.o
 .debug_macro   0x00002012       0x22 ./Core/Src/freertos.o
 .debug_macro   0x00002034       0xfb ./Core/Src/freertos.o
 .debug_macro   0x0000212f     0x1011 ./Core/Src/freertos.o
 .debug_macro   0x00003140      0x11f ./Core/Src/freertos.o
 .debug_macro   0x0000325f    0x15ea5 ./Core/Src/freertos.o
 .debug_macro   0x00019104       0x6d ./Core/Src/freertos.o
 .debug_macro   0x00019171     0x3693 ./Core/Src/freertos.o
 .debug_macro   0x0001c804       0x5c ./Core/Src/freertos.o
 .debug_macro   0x0001c860      0x980 ./Core/Src/freertos.o
 .debug_macro   0x0001d1e0      0x9e9 ./Core/Src/freertos.o
 .debug_macro   0x0001dbc9      0x115 ./Core/Src/freertos.o
 .debug_macro   0x0001dcde      0x13e ./Core/Src/freertos.o
 .debug_macro   0x0001de1c       0xa5 ./Core/Src/freertos.o
 .debug_macro   0x0001dec1      0x174 ./Core/Src/freertos.o
 .debug_macro   0x0001e035      0x287 ./Core/Src/freertos.o
 .debug_macro   0x0001e2bc       0x5f ./Core/Src/freertos.o
 .debug_macro   0x0001e31b      0x236 ./Core/Src/freertos.o
 .debug_macro   0x0001e551      0x12c ./Core/Src/freertos.o
 .debug_macro   0x0001e67d      0x21e ./Core/Src/freertos.o
 .debug_macro   0x0001e89b       0x2e ./Core/Src/freertos.o
 .debug_macro   0x0001e8c9      0x127 ./Core/Src/freertos.o
 .debug_macro   0x0001e9f0       0x7e ./Core/Src/freertos.o
 .debug_macro   0x0001ea6e       0x89 ./Core/Src/freertos.o
 .debug_macro   0x0001eaf7      0x8ed ./Core/Src/freertos.o
 .debug_macro   0x0001f3e4       0x4d ./Core/Src/freertos.o
 .debug_macro   0x0001f431      0x12d ./Core/Src/freertos.o
 .debug_macro   0x0001f55e       0x40 ./Core/Src/freertos.o
 .debug_macro   0x0001f59e       0x6c ./Core/Src/freertos.o
 .debug_macro   0x0001f60a       0x74 ./Core/Src/freertos.o
 .debug_macro   0x0001f67e       0xdd ./Core/Src/freertos.o
 .debug_macro   0x0001f75b      0x1dd ./Core/Src/gpio.o
 .debug_macro   0x0001f938      0x271 ./Core/Src/main.o
 .debug_macro   0x0001fba9      0x169 ./Core/Src/main.o
 .debug_macro   0x0001fd12       0x66 ./Core/Src/main.o
 .debug_macro   0x0001fd78      0x1d3 ./Core/Src/stm32f4xx_hal_msp.o
 .debug_macro   0x0001ff4b      0x1c4 ./Core/Src/stm32f4xx_hal_timebase_tim.o
 .debug_macro   0x0002010f      0x1dd ./Core/Src/stm32f4xx_it.o
 .debug_macro   0x000202ec      0x1c4 ./Core/Src/system_stm32f4xx.o
 .debug_macro   0x000204b0      0x224 ./Drivers/STM32F4xx_HAL_Driver/Src/stm32f4xx_hal.o
 .debug_macro   0x000206d4      0x1c4 ./Drivers/STM32F4xx_HAL_Driver/Src/stm32f4xx_hal_cortex.o
 .debug_macro   0x00020898      0x1ca ./Drivers/STM32F4xx_HAL_Driver/Src/stm32f4xx_hal_gpio.o
 .debug_macro   0x00020a62      0x1e8 ./Drivers/STM32F4xx_HAL_Driver/Src/stm32f4xx_hal_rcc.o
 .debug_macro   0x00020c4a      0x1c5 ./Drivers/STM32F4xx_HAL_Driver/Src/stm32f4xx_hal_tim.o
 .debug_macro   0x00020e0f      0x1c4 ./Drivers/STM32F4xx_HAL_Driver/Src/stm32f4xx_hal_tim_ex.o
 .debug_macro   0x00020fd3      0x3bb ./Middlewares/Third_Party/FreeRTOS/Source/CMSIS_RTOS_V2/cmsis_os2.o
 .debug_macro   0x0002138e       0x10 ./Middlewares/Third_Party/FreeRTOS/Source/CMSIS_RTOS_V2/cmsis_os2.o
 .debug_macro   0x0002139e       0x20 ./Middlewares/Third_Party/FreeRTOS/Source/CMSIS_RTOS_V2/cmsis_os2.o
 .debug_macro   0x000213be       0x10 ./Middlewares/Third_Party/FreeRTOS/Source/CMSIS_RTOS_V2/cmsis_os2.o
 .debug_macro   0x000213ce       0xf5 ./Middlewares/Third_Party/FreeRTOS/Source/CMSIS_RTOS_V2/cmsis_os2.o
 .debug_macro   0x000214c3       0x91 ./Middlewares/Third_Party/FreeRTOS/Source/CMSIS_RTOS_V2/cmsis_os2.o
 .debug_macro   0x00021554       0x8d ./Middlewares/Third_Party/FreeRTOS/Source/CMSIS_RTOS_V2/cmsis_os2.o
 .debug_macro   0x000215e1       0x9a ./Middlewares/Third_Party/FreeRTOS/Source/CMSIS_RTOS_V2/cmsis_os2.o
 .debug_macro   0x0002167b       0x22 ./Middlewares/Third_Party/FreeRTOS/Source/CMSIS_RTOS_V2/cmsis_os2.o
 .debug_macro   0x0002169d       0x56 ./Middlewares/Third_Party/FreeRTOS/Source/CMSIS_RTOS_V2/cmsis_os2.o
 .debug_macro   0x000216f3      0x187 ./Middlewares/Third_Party/FreeRTOS/Source/list.o
 .debug_macro   0x0002187a      0x216 ./Middlewares/Third_Party/FreeRTOS/Source/queue.o
 .debug_macro   0x00021a90       0x16 ./Middlewares/Third_Party/FreeRTOS/Source/queue.o
 .debug_macro   0x00021aa6       0x87 ./Middlewares/Third_Party/FreeRTOS/Source/queue.o
 .debug_macro   0x00021b2d      0x27f ./Middlewares/Third_Party/FreeRTOS/Source/tasks.o
 .debug_macro   0x00021dac       0x10 ./Middlewares/Third_Party/FreeRTOS/Source/tasks.o
 .debug_macro   0x00021dbc      0x1dc ./Middlewares/Third_Party/FreeRTOS/Source/timers.o
 .debug_macro   0x00021f98       0x97 ./Middlewares/Third_Party/FreeRTOS/Source/timers.o
 .debug_macro   0x0002202f      0x196 ./Middlewares/Third_Party/FreeRTOS/Source/portable/GCC/ARM_CM4F/port.o
 .debug_macro   0x000221c5      0x1ae ./Middlewares/Third_Party/FreeRTOS/Source/portable/MemMang/heap_4.o

.debug_line     0x00000000    0x139e2
 .debug_line    0x00000000      0x905 ./Core/Src/freertos.o
 .debug_line    0x00000905      0x764 ./Core/Src/gpio.o
 .debug_line    0x00001069      0x92b ./Core/Src/main.o
 .debug_line    0x00001994      0x733 ./Core/Src/stm32f4xx_hal_msp.o
 .debug_line    0x000020c7      0x7b0 ./Core/Src/stm32f4xx_hal_timebase_tim.o
 .debug_line    0x00002877      0x7bb ./Core/Src/stm32f4xx_it.o
 .debug_line    0x00003032      0x7a8 ./Core/Src/system_stm32f4xx.o
 .debug_line    0x000037da       0x7a ./Core/Startup/startup_stm32f407vetx.o
 .debug_line    0x00003854      0xa24 ./Drivers/STM32F4xx_HAL_Driver/Src/stm32f4xx_hal.o
 .debug_line    0x00004278      0xcf4 ./Drivers/STM32F4xx_HAL_Driver/Src/stm32f4xx_hal_cortex.o
 .debug_line    0x00004f6c      0xb7c ./Drivers/STM32F4xx_HAL_Driver/Src/stm32f4xx_hal_gpio.o
 .debug_line    0x00005ae8      0xe33 ./Drivers/STM32F4xx_HAL_Driver/Src/stm32f4xx_hal_rcc.o
 .debug_line    0x0000691b     0x3799 ./Drivers/STM32F4xx_HAL_Driver/Src/stm32f4xx_hal_tim.o
 .debug_line    0x0000a0b4     0x1984 ./Drivers/STM32F4xx_HAL_Driver/Src/stm32f4xx_hal_tim_ex.o
 .debug_line    0x0000ba38     0x2504 ./Middlewares/Third_Party/FreeRTOS/Source/CMSIS_RTOS_V2/cmsis_os2.o
 .debug_line    0x0000df3c      0x791 ./Middlewares/Third_Party/FreeRTOS/Source/list.o
 .debug_line    0x0000e6cd     0x1702 ./Middlewares/Third_Party/FreeRTOS/Source/queue.o
 .debug_line    0x0000fdcf     0x1c85 ./Middlewares/Third_Party/FreeRTOS/Source/tasks.o
 .debug_line    0x00011a54      0xdd1 ./Middlewares/Third_Party/FreeRTOS/Source/timers.o
 .debug_line    0x00012825      0x815 ./Middlewares/Third_Party/FreeRTOS/Source/portable/GCC/ARM_CM4F/port.o
 .debug_line    0x0001303a      0x9a8 ./Middlewares/Third_Party/FreeRTOS/Source/portable/MemMang/heap_4.o

.debug_str      0x00000000    0xd2b45
 .debug_str     0x00000000    0xd2b45 ./Core/Src/freertos.o
                              0xc70dc (size before relaxing)
 .debug_str     0x000d2b45        0x0 ./Core/Src/gpio.o
                              0xc2343 (size before relaxing)
 .debug_str     0x000d2b45        0x0 ./Core/Src/main.o
                              0xc7381 (size before relaxing)
 .debug_str     0x000d2b45        0x0 ./Core/Src/stm32f4xx_hal_msp.o
                              0xc2785 (size before relaxing)
 .debug_str     0x000d2b45        0x0 ./Core/Src/stm32f4xx_hal_timebase_tim.o
                              0xc2d15 (size before relaxing)
 .debug_str     0x000d2b45        0x0 ./Core/Src/stm32f4xx_it.o
                              0xc2729 (size before relaxing)
 .debug_str     0x000d2b45        0x0 ./Core/Src/system_stm32f4xx.o
                              0xc221e (size before relaxing)
 .debug_str     0x000d2b45        0x0 ./Core/Startup/startup_stm32f407vetx.o
                                 0x68 (size before relaxing)
 .debug_str     0x000d2b45        0x0 ./Drivers/STM32F4xx_HAL_Driver/Src/stm32f4xx_hal.o
                              0xc2da2 (size before relaxing)
 .debug_str     0x000d2b45        0x0 ./Drivers/STM32F4xx_HAL_Driver/Src/stm32f4xx_hal_cortex.o
                              0xc2b1e (size before relaxing)
 .debug_str     0x000d2b45        0x0 ./Drivers/STM32F4xx_HAL_Driver/Src/stm32f4xx_hal_gpio.o
                              0xc2399 (size before relaxing)
 .debug_str     0x000d2b45        0x0 ./Drivers/STM32F4xx_HAL_Driver/Src/stm32f4xx_hal_rcc.o
                              0xc2652 (size before relaxing)
 .debug_str     0x000d2b45        0x0 ./Drivers/STM32F4xx_HAL_Driver/Src/stm32f4xx_hal_tim.o
                              0xc35a8 (size before relaxing)
 .debug_str     0x000d2b45        0x0 ./Drivers/STM32F4xx_HAL_Driver/Src/stm32f4xx_hal_tim_ex.o
                              0xc2db4 (size before relaxing)
 .debug_str     0x000d2b45        0x0 ./Middlewares/Third_Party/FreeRTOS/Source/CMSIS_RTOS_V2/cmsis_os2.o
                              0xccedd (size before relaxing)
 .debug_str     0x000d2b45        0x0 ./Middlewares/Third_Party/FreeRTOS/Source/list.o
                               0xabfa (size before relaxing)
 .debug_str     0x000d2b45        0x0 ./Middlewares/Third_Party/FreeRTOS/Source/queue.o
                               0xc73a (size before relaxing)
 .debug_str     0x000d2b45        0x0 ./Middlewares/Third_Party/FreeRTOS/Source/tasks.o
                               0xd1f7 (size before relaxing)
 .debug_str     0x000d2b45        0x0 ./Middlewares/Third_Party/FreeRTOS/Source/timers.o
                               0xcc6c (size before relaxing)
 .debug_str     0x000d2b45        0x0 ./Middlewares/Third_Party/FreeRTOS/Source/portable/GCC/ARM_CM4F/port.o
                               0x87a0 (size before relaxing)
 .debug_str     0x000d2b45        0x0 ./Middlewares/Third_Party/FreeRTOS/Source/portable/MemMang/heap_4.o
                               0xb53c (size before relaxing)

.comment        0x00000000       0x43
 .comment       0x00000000       0x43 ./Core/Src/freertos.o
                                 0x44 (size before relaxing)
 .comment       0x00000043        0x0 ./Core/Src/gpio.o
                                 0x44 (size before relaxing)
 .comment       0x00000043        0x0 ./Core/Src/main.o
                                 0x44 (size before relaxing)
 .comment       0x00000043        0x0 ./Core/Src/stm32f4xx_hal_msp.o
                                 0x44 (size before relaxing)
 .comment       0x00000043        0x0 ./Core/Src/stm32f4xx_hal_timebase_tim.o
                                 0x44 (size before relaxing)
 .comment       0x00000043        0x0 ./Core/Src/stm32f4xx_it.o
                                 0x44 (size before relaxing)
 .comment       0x00000043        0x0 ./Core/Src/system_stm32f4xx.o
                                 0x44 (size before relaxing)
 .comment       0x00000043        0x0 ./Drivers/STM32F4xx_HAL_Driver/Src/stm32f4xx_hal.o
                                 0x44 (size before relaxing)
 .comment       0x00000043        0x0 ./Drivers/STM32F4xx_HAL_Driver/Src/stm32f4xx_hal_cortex.o
                                 0x44 (size before relaxing)
 .comment       0x00000043        0x0 ./Drivers/STM32F4xx_HAL_Driver/Src/stm32f4xx_hal_gpio.o
                                 0x44 (size before relaxing)
 .comment       0x00000043        0x0 ./Drivers/STM32F4xx_HAL_Driver/Src/stm32f4xx_hal_rcc.o
                                 0x44 (size before relaxing)
 .comment       0x00000043        0x0 ./Drivers/STM32F4xx_HAL_Driver/Src/stm32f4xx_hal_tim.o
                                 0x44 (size before relaxing)
 .comment       0x00000043        0x0 ./Drivers/STM32F4xx_HAL_Driver/Src/stm32f4xx_hal_tim_ex.o
                                 0x44 (size before relaxing)
 .comment       0x00000043        0x0 ./Middlewares/Third_Party/FreeRTOS/Source/CMSIS_RTOS_V2/cmsis_os2.o
                                 0x44 (size before relaxing)
 .comment       0x00000043        0x0 ./Middlewares/Third_Party/FreeRTOS/Source/list.o
                                 0x44 (size before relaxing)
 .comment       0x00000043        0x0 ./Middlewares/Third_Party/FreeRTOS/Source/queue.o
                                 0x44 (size before relaxing)
 .comment       0x00000043        0x0 ./Middlewares/Third_Party/FreeRTOS/Source/tasks.o
                                 0x44 (size before relaxing)
 .comment       0x00000043        0x0 ./Middlewares/Third_Party/FreeRTOS/Source/timers.o
                                 0x44 (size before relaxing)
 .comment       0x00000043        0x0 ./Middlewares/Third_Party/FreeRTOS/Source/portable/GCC/ARM_CM4F/port.o
                                 0x44 (size before relaxing)
 .comment       0x00000043        0x0 ./Middlewares/Third_Party/FreeRTOS/Source/portable/MemMang/heap_4.o
                                 0x44 (size before relaxing)

.debug_frame    0x00000000     0x49c4
 .debug_frame   0x00000000       0x4c ./Core/Src/freertos.o
 .debug_frame   0x0000004c       0x34 ./Core/Src/gpio.o
 .debug_frame   0x00000080       0x8c ./Core/Src/main.o
 .debug_frame   0x0000010c       0x34 ./Core/Src/stm32f4xx_hal_msp.o
 .debug_frame   0x00000140       0x74 ./Core/Src/stm32f4xx_hal_timebase_tim.o
 .debug_frame   0x000001b4       0xc4 ./Core/Src/stm32f4xx_it.o
 .debug_frame   0x00000278       0x58 ./Core/Src/system_stm32f4xx.o
 .debug_frame   0x000002d0      0x374 ./Drivers/STM32F4xx_HAL_Driver/Src/stm32f4xx_hal.o
 .debug_frame   0x00000644      0x508 ./Drivers/STM32F4xx_HAL_Driver/Src/stm32f4xx_hal_cortex.o
 .debug_frame   0x00000b4c      0x14c ./Drivers/STM32F4xx_HAL_Driver/Src/stm32f4xx_hal_gpio.o
 .debug_frame   0x00000c98      0x1f4 ./Drivers/STM32F4xx_HAL_Driver/Src/stm32f4xx_hal_rcc.o
 .debug_frame   0x00000e8c     0x11c0 ./Drivers/STM32F4xx_HAL_Driver/Src/stm32f4xx_hal_tim.o
 .debug_frame   0x0000204c      0x638 ./Drivers/STM32F4xx_HAL_Driver/Src/stm32f4xx_hal_tim_ex.o
 .debug_frame   0x00002684      0xbe4 ./Middlewares/Third_Party/FreeRTOS/Source/CMSIS_RTOS_V2/cmsis_os2.o
 .debug_frame   0x00003268       0xd8 ./Middlewares/Third_Party/FreeRTOS/Source/list.o
 .debug_frame   0x00003340      0x5ec ./Middlewares/Third_Party/FreeRTOS/Source/queue.o
 .debug_frame   0x0000392c      0x8f0 ./Middlewares/Third_Party/FreeRTOS/Source/tasks.o
 .debug_frame   0x0000421c      0x400 ./Middlewares/Third_Party/FreeRTOS/Source/timers.o
 .debug_frame   0x0000461c      0x1a8 ./Middlewares/Third_Party/FreeRTOS/Source/portable/GCC/ARM_CM4F/port.o
 .debug_frame   0x000047c4      0x12c ./Middlewares/Third_Party/FreeRTOS/Source/portable/MemMang/heap_4.o
 .debug_frame   0x000048f0       0x20 C:/ST/STM32CubeIDE_2.0.0/STM32CubeIDE/plugins/com.st.stm32cube.ide.mcu.externaltools.gnu-tools-for-stm32.13.3.rel1.win32_1.0.100.202509120712/tools/bin/../lib/gcc/arm-none-eabi/13.3.1/../../../../arm-none-eabi/lib/thumb/v7e-m+fp/hard\libc_nano.a(libc_a-memset.o)
 .debug_frame   0x00004910       0x2c C:/ST/STM32CubeIDE_2.0.0/STM32CubeIDE/plugins/com.st.stm32cube.ide.mcu.externaltools.gnu-tools-for-stm32.13.3.rel1.win32_1.0.100.202509120712/tools/bin/../lib/gcc/arm-none-eabi/13.3.1/../../../../arm-none-eabi/lib/thumb/v7e-m+fp/hard\libc_nano.a(libc_a-init.o)
 .debug_frame   0x0000493c       0x28 C:/ST/STM32CubeIDE_2.0.0/STM32CubeIDE/plugins/com.st.stm32cube.ide.mcu.externaltools.gnu-tools-for-stm32.13.3.rel1.win32_1.0.100.202509120712/tools/bin/../lib/gcc/arm-none-eabi/13.3.1/../../../../arm-none-eabi/lib/thumb/v7e-m+fp/hard\libc_nano.a(libc_a-memcpy-stub.o)
 .debug_frame   0x00004964       0x2c C:/ST/STM32CubeIDE_2.0.0/STM32CubeIDE/plugins/com.st.stm32cube.ide.mcu.externaltools.gnu-tools-for-stm32.13.3.rel1.win32_1.0.100.202509120712/tools/bin/../lib/gcc/arm-none-eabi/13.3.1/thumb/v7e-m+fp/hard\libgcc.a(_aeabi_uldivmod.o)
 .debug_frame   0x00004990       0x34 C:/ST/STM32CubeIDE_2.0.0/STM32CubeIDE/plugins/com.st.stm32cube.ide.mcu.externaltools.gnu-tools-for-stm32.13.3.rel1.win32_1.0.100.202509120712/tools/bin/../lib/gcc/arm-none-eabi/13.3.1/thumb/v7e-m+fp/hard\libgcc.a(_udivmoddi4.o)

.debug_line_str
                0x00000000       0x4c
 .debug_line_str
                0x00000000       0x4c ./Core/Startup/startup_stm32f407vetx.o
